Component: ARM Compiler 5.06 update 1 (build 61) Tool: armlink [4d35a8]

==============================================================================

Section Cross References

    main.o(.text) refers to _printf_pad.o(.text) for _printf_pre_padding
    main.o(.text) refers to _printf_percent.o(.ARM.Collect$$_printf_percent$$00000000) for _printf_percent
    main.o(.text) refers to _printf_f.o(.ARM.Collect$$_printf_percent$$00000003) for _printf_f
    main.o(.text) refers to printf1.o(x$fpl$printf1) for _printf_fp_dec
    main.o(.text) refers to _printf_d.o(.ARM.Collect$$_printf_percent$$00000009) for _printf_d
    main.o(.text) refers to _printf_dec.o(.text) for _printf_int_dec
    main.o(.text) refers to lcd_x.o(.text) for LCD_DrawFillRectangle
    main.o(.text) refers to adc.o(.text) for ADC_GetFREQ
    main.o(.text) refers to fflt_clz.o(x$fpl$fflt) for __aeabi_i2f
    main.o(.text) refers to fdiv.o(x$fpl$fdiv) for __aeabi_fdiv
    main.o(.text) refers to f2d.o(x$fpl$f2d) for __aeabi_f2d
    main.o(.text) refers to noretval__2sprintf.o(.text) for __2sprintf
    main.o(.text) refers to delay.o(.text) for delay_init
    main.o(.text) refers to misc.o(.text) for NVIC_PriorityGroupConfig
    main.o(.text) refers to usart.o(.text) for uart_init
    main.o(.text) refers to led.o(.text) for LED_Init
    main.o(.text) refers to key.o(.text) for KEY_Init
    main.o(.text) refers to w25x16.o(.text) for SPI_Flash_Init
    main.o(.text) refers to servo.o(.text) for Servo_Init
    main.o(.text) refers to mydsp.o(.text) for Get_Signal_Freq
    main.o(.text) refers to ffixu.o(x$fpl$ffixu) for __aeabi_f2uiz
    main.o(.text) refers to dmul.o(x$fpl$dmul) for __aeabi_dmul
    main.o(.text) refers to scalbn.o(x$fpl$scalbn) for __ARM_scalbn
    main.o(.text) refers to d2f.o(x$fpl$d2f) for __aeabi_d2f
    main.o(.text) refers to lcd_x.o(.data) for POINT_COLOR
    main.o(.text) refers to adc.o(.bss) for ADC_SourceData
    main.o(.text) refers to main.o(.data) for .data
    system_stm32f10x.o(.text) refers to system_stm32f10x.o(.data) for .data
    led.o(.text) refers to led.o(.data) for .data
    led.o(.data) refers to led.o(.conststring) for .conststring
    key.o(.text) refers to stm32f10x_rcc.o(.text) for RCC_APB2PeriphClockCmd
    key.o(.text) refers to stm32f10x_gpio.o(.text) for GPIO_PinRemapConfig
    key.o(.text) refers to delay.o(.text) for delay_ms
    key.o(.text) refers to key.o(.data) for .data
    w25x16.o(.text) refers to _printf_percent.o(.ARM.Collect$$_printf_percent$$00000000) for _printf_percent
    w25x16.o(.text) refers to _printf_x.o(.ARM.Collect$$_printf_percent$$0000000C) for _printf_x
    w25x16.o(.text) refers to _printf_hex_int.o(.text) for _printf_longlong_hex
    w25x16.o(.text) refers to spi1.o(.text) for SPI1_ReadWriteByte
    w25x16.o(.text) refers to stm32f10x_rcc.o(.text) for RCC_APB2PeriphClockCmd
    w25x16.o(.text) refers to stm32f10x_gpio.o(.text) for GPIO_Init
    w25x16.o(.text) refers to noretval__2printf.o(.text) for __2printf
    w25x16.o(.text) refers to delay.o(.text) for delay_us
    w25x16.o(.text) refers to w25x16.o(.data) for .data
    w25x16.o(.text) refers to w25x16.o(.bss) for .bss
    spi1.o(.text) refers to stm32f10x_spi.o(.text) for SPI_I2S_GetFlagStatus
    spi1.o(.text) refers to stm32f10x_rcc.o(.text) for RCC_APB2PeriphClockCmd
    spi1.o(.text) refers to stm32f10x_gpio.o(.text) for GPIO_Init
    spi1.o(.text) refers to spi1.o(.bss) for .bss
    lcd_x.o(.text) refers to stm32f10x_rcc.o(.text) for RCC_APB2PeriphClockCmd
    lcd_x.o(.text) refers to stm32f10x_gpio.o(.text) for GPIO_Init
    lcd_x.o(.text) refers to stm32f10x_spi.o(.text) for SPI_Init
    lcd_x.o(.text) refers to delay.o(.text) for delay_ms
    lcd_x.o(.text) refers to lcd_x.o(.bss) for .bss
    lcd_x.o(.text) refers to lcd_x.o(.data) for .data
    lcd_x.o(.text) refers to lcd_x.o(.constdata) for .constdata
    lcd_x.o(.text) refers to strlen.o(.text) for strlen
    adc.o(.text) refers to stm32f10x_rcc.o(.text) for RCC_APB2PeriphClockCmd
    adc.o(.text) refers to stm32f10x_gpio.o(.text) for GPIO_Init
    adc.o(.text) refers to stm32f10x_tim.o(.text) for TIM_DeInit
    adc.o(.text) refers to misc.o(.text) for NVIC_Init
    adc.o(.text) refers to stm32f10x_dma.o(.text) for DMA_ClearITPendingBit
    adc.o(.text) refers to stm32f10x_adc.o(.text) for ADC_DeInit
    adc.o(.text) refers to fflt_clz.o(x$fpl$ffltu) for __aeabi_ui2f
    adc.o(.text) refers to fdiv.o(x$fpl$fdiv) for __aeabi_fdiv
    adc.o(.text) refers to faddsub_clz.o(x$fpl$fsub) for __aeabi_fsub
    adc.o(.text) refers to ffixu.o(x$fpl$ffixu) for __aeabi_f2uiz
    adc.o(.text) refers to adc.o(.bss) for .bss
    adc.o(.text) refers to adc.o(.data) for .data
    tensor.o(.text) refers to stm32f10x_rcc.o(.text) for RCC_APB2PeriphClockCmd
    tensor.o(.text) refers to stm32f10x_adc.o(.text) for ADC_DeInit
    tensor.o(.text) refers to delay.o(.text) for delay_ms
    delay.o(.text) refers to misc.o(.text) for SysTick_CLKSourceConfig
[...]
    x$fpl$fcmpinf                            0x08005ba8   Section       24  fcmpi.o(x$fpl$fcmpinf)
    x$fpl$fdiv                               0x08005bc0   Section      388  fdiv.o(x$fpl$fdiv)
    _fdiv1                                   0x08005bc1   Thumb Code     0  fdiv.o(x$fpl$fdiv)
    x$fpl$ffix                               0x08005d44   Section       54  ffix.o(x$fpl$ffix)
    x$fpl$ffixu                              0x08005d7c   Section       62  ffixu.o(x$fpl$ffixu)
    x$fpl$fflt                               0x08005dbc   Section       48  fflt_clz.o(x$fpl$fflt)
    x$fpl$ffltu                              0x08005dec   Section       38  fflt_clz.o(x$fpl$ffltu)
    x$fpl$fleqf                              0x08005e14   Section      104  fleqf.o(x$fpl$fleqf)
    x$fpl$fmul                               0x08005e7c   Section      258  fmul.o(x$fpl$fmul)
    x$fpl$fnaninf                            0x08005f7e   Section      140  fnaninf.o(x$fpl$fnaninf)
    x$fpl$fretinf                            0x0800600a   Section       10  fretinf.o(x$fpl$fretinf)
    x$fpl$fsub                               0x08006014   Section      234  faddsub_clz.o(x$fpl$fsub)
    _fsub1                                   0x08006023   Thumb Code     0  faddsub_clz.o(x$fpl$fsub)
    x$fpl$printf1                            0x080060fe   Section        4  printf1.o(x$fpl$printf1)
    x$fpl$retnan                             0x08006102   Section      100  retnan.o(x$fpl$retnan)
    x$fpl$scalbn                             0x08006166   Section       92  scalbn.o(x$fpl$scalbn)
    x$fpl$scalbnf                            0x080061c2   Section       76  scalbnf.o(x$fpl$scalbnf)
    x$fpl$trapveneer                         0x0800620e   Section       48  trapv.o(x$fpl$trapveneer)
    .constdata                               0x0800623e   Section     3582  lcd_x.o(.constdata)
    x$fpl$usenofp                            0x0800623e   Section        0  usenofp.o(x$fpl$usenofp)
    .constdata                               0x0800703c   Section       40  _printf_hex_int.o(.constdata)
    uc_hextab                                0x0800703c   Data          20  _printf_hex_int.o(.constdata)
    lc_hextab                                0x08007050   Data          20  _printf_hex_int.o(.constdata)
    .constdata                               0x08007064   Section      148  bigflt0.o(.constdata)
    tenpwrs_x                                0x08007064   Data          60  bigflt0.o(.constdata)
    tenpwrs_i                                0x080070a0   Data          64  bigflt0.o(.constdata)
    .conststring                             0x080070f8   Section       13  led.o(.conststring)
    locale$$data                             0x08007128   Section       28  lc_numeric_c.o(locale$$data)
    __lcnum_c_name                           0x0800712c   Data           2  lc_numeric_c.o(locale$$data)
    __lcnum_c_start                          0x08007134   Data           0  lc_numeric_c.o(locale$$data)
    __lcnum_c_point                          0x08007140   Data           0  lc_numeric_c.o(locale$$data)
    __lcnum_c_thousands                      0x08007142   Data           0  lc_numeric_c.o(locale$$data)
    __lcnum_c_grouping                       0x08007143   Data           0  lc_numeric_c.o(locale$$data)
    __lcnum_c_end                            0x08007144   Data           0  lc_numeric_c.o(locale$$data)
    .data                                    0x20000000   Section        1  main.o(.data)
    .data                                    0x20000004   Section       20  system_stm32f10x.o(.data)
    .data                                    0x20000018   Section       24  led.o(.data)
    .data                                    0x20000030   Section        1  key.o(.data)
    key_up                                   0x20000030   Data           1  key.o(.data)
    .data                                    0x20000032   Section        2  w25x16.o(.data)
    .data                                    0x20000034   Section        4  lcd_x.o(.data)
    .data                                    0x20000038   Section        4  adc.o(.data)
    .data                                    0x2000003c   Section        4  delay.o(.data)
    fac_us                                   0x2000003c   Data           1  delay.o(.data)
    fac_ms                                   0x2000003e   Data           2  delay.o(.data)
    .data                                    0x20000040   Section        2  usart.o(.data)
    .data                                    0x20000044   Section        4  usart.o(.data)
    .data                                    0x20000048   Section       20  stm32f10x_rcc.o(.data)
    ADCPrescTable                            0x20000048   Data           4  stm32f10x_rcc.o(.data)
    APBAHBPrescTable                         0x2000004c   Data          16  stm32f10x_rcc.o(.data)
    .data                                    0x2000005c   Section        8  mydsp.o(.data)
    .bss                                     0x20000064   Section     4096  w25x16.o(.bss)
    .bss                                     0x20001064   Section       18  spi1.o(.bss)
    .bss                                     0x20001076   Section       14  lcd_x.o(.bss)
    .bss                                     0x20001084   Section     4096  adc.o(.bss)
    .bss                                     0x20002084   Section      200  usart.o(.bss)
    .bss                                     0x2000214c   Section     2048  mydsp.o(.bss)
    .bss                                     0x2000294c   Section       96  libspace.o(.bss)
    HEAP                                     0x200029b0   Section      512  startup_stm32f10x_hd.o(HEAP)
    Heap_Mem                                 0x200029b0   Data         512  startup_stm32f10x_hd.o(HEAP)
    STACK                                    0x20002bb0   Section     1024  startup_stm32f10x_hd.o(STACK)
    Stack_Mem                                0x20002bb0   Data        1024  startup_stm32f10x_hd.o(STACK)
    __initial_sp                             0x20002fb0   Data           0  startup_stm32f10x_hd.o(STACK)

    Global Symbols

    Symbol Name                              Value     Ov Type        Size  Object(Section)

    BuildAttributes$$THM_ISAv4$P$D$K$B$S$PE$A:L22UL41UL21$X:L11$S22US41US21$IEEE1$IW$USESV6$~STKCKD$USESV7$~SHL$OTIME$ROPI$IEEEJ$EBA8$UX$STANDARDLIB$REQ8$PRES8$EABIv2 0x00000000   Number         0  anon$$obj.o ABSOLUTE
    __ARM_use_no_argv                        0x00000000   Number         0  main.o ABSOLUTE
    _printf_flags                            0x00000000   Number         0  printf_stubs.o ABSOLUTE
    _printf_return_value                     0x00000000   Number         0  printf_stubs.o ABSOLUTE
    _printf_sizespec                         0x00000000   Number         0  printf_stubs.o ABSOLUTE
    _printf_widthprec                        0x00000000   Number         0  printf_stubs.o ABSOLUTE
    __ARM_exceptions_init                     - Undefined Weak Reference
    __alloca_initialize                       - Undefined Weak Reference
    __arm_preinit_                            - Undefined Weak Reference
    __cpp_initialize__aeabi_                  - Undefined Weak Reference
    __cxa_finalize                            - Undefined Weak Reference
    __sigvec_lookup                           - Undefined Weak Reference
    _atexit_init                              - Undefined Weak Reference
    _call_atexit_fns                          - Undefined Weak Reference
    _clock_init                               - Undefined Weak Reference
    _fp_trap_init                             - Undefined Weak Reference
    _fp_trap_shutdown                         - Undefined Weak Reference
    _get_lc_collate                           - Undefined Weak Reference
    _get_lc_ctype                             - Undefined Weak Reference
    _get_lc_monetary                          - Undefined Weak Reference
    _get_lc_time                              - Undefined Weak Reference
    _getenv_init                              - Undefined Weak Reference
    _handle_redirection                       - Undefined Weak Reference
    _init_alloc                               - Undefined Weak Reference
    _init_user_alloc                          - Undefined Weak Reference
    _initio                                   - Undefined Weak Reference
    _mutex_acquire                            - Undefined Weak Reference
    _mutex_release                            - Undefined Weak Reference
    _printf_truncate_signed                   - Undefined Weak Reference
    _printf_truncate_unsigned                 - Undefined Weak Reference
    _rand_init                                - Undefined Weak Reference
    _signal_finish                            - Undefined Weak Reference
    _signal_init                              - Undefined Weak Reference
    _terminate_alloc                          - Undefined Weak Reference
    _terminate_user_alloc                     - Undefined Weak Reference
    _terminateio                              - Undefined Weak Reference
    __Vectors_Size                           0x00000130   Number         0  startup_stm32f10x_hd.o ABSOLUTE
    __Vectors                                0x08000000   Data           4  startup_stm32f10x_hd.o(RESET)
    __Vectors_End                            0x08000130   Data           0  startup_stm32f10x_hd.o(RESET)
    __main                                   0x08000131   Thumb Code     8  __main.o(!!!main)
    __scatterload                            0x08000139   Thumb Code     0  __scatter.o(!!!scatter)
    __scatterload_rt2                        0x08000139   Thumb Code    44  __scatter.o(!!!scatter)
    __scatterload_rt2_thumb_only             0x08000139   Thumb Code     0  __scatter.o(!!!scatter)
    __scatterload_null                       0x08000147   Thumb Code     0  __scatter.o(!!!scatter)
    __scatterload_copy                       0x0800016d   Thumb Code    26  __scatter_copy.o(!!handler_copy)
    __scatterload_zeroinit                   0x08000189   Thumb Code    28  __scatter_zi.o(!!handler_zi)
    _printf_f                                0x080001a5   Thumb Code     0  _printf_f.o(.ARM.Collect$$_printf_percent$$00000003)
    _printf_percent                          0x080001a5   Thumb Code     0  _printf_percent.o(.ARM.Collect$$_printf_percent$$00000000)
    _printf_d                                0x080001ab   Thumb Code     0  _printf_d.o(.ARM.Collect$$_printf_percent$$00000009)
    _printf_x                                0x080001b1   Thumb Code     0  _printf_x.o(.ARM.Collect$$_printf_percent$$0000000C)
    _printf_percent_end                      0x080001b7   Thumb Code     0  _printf_percent_end.o(.ARM.Collect$$_printf_percent$$00000017)
    __rt_lib_init                            0x080001bb   Thumb Code     0  libinit.o(.ARM.Collect$$libinit$$00000000)
    __rt_lib_init_fp_1                       0x080001bd   Thumb Code     0  libinit2.o(.ARM.Collect$$libinit$$00000002)
    __rt_lib_init_heap_1                     0x080001bd   Thumb Code     0  libinit2.o(.ARM.Collect$$libinit$$0000000A)
    __rt_lib_init_lc_common                  0x080001bd   Thumb Code     0  libinit2.o(.ARM.Collect$$libinit$$0000000F)
    __rt_lib_init_preinit_1                  0x080001bd   Thumb Code     0  libinit2.o(.ARM.Collect$$libinit$$00000004)
    __rt_lib_init_rand_1                     0x080001bd   Thumb Code     0  libinit2.o(.ARM.Collect$$libinit$$0000000E)
    __rt_lib_init_user_alloc_1               0x080001bd   Thumb Code     0  libinit2.o(.ARM.Collect$$libinit$$0000000C)
    __rt_lib_init_lc_collate_1               0x080001c3   Thumb Code     0  libinit2.o(.ARM.Collect$$libinit$$00000011)
    __rt_lib_init_lc_ctype_1                 0x080001c3   Thumb Code     0  libinit2.o(.ARM.Collect$$libinit$$00000013)
    __rt_lib_init_lc_monetary_1              0x080001c3   Thumb Code     0  libinit2.o(.ARM.Collect$$libinit$$00000015)
    __rt_lib_init_lc_numeric_2               0x080001c3   Thumb Code     0  libinit2.o(.ARM.Collect$$libinit$$00000016)
    __rt_lib_init_alloca_1                   0x080001cd   Thumb Code     0  libinit2.o(.ARM.Collect$$libinit$$0000002E)
    __rt_lib_init_argv_1                     0x080001cd   Thumb Code     0  libinit2.o(.ARM.Collect$$libinit$$0000002C)
    __rt_lib_init_atexit_1                   0x080001cd   Thumb Code     0  libinit2.o(.ARM.Collect$$libinit$$0000001B)
    __rt_lib_init_clock_1                    0x080001cd   Thumb Code     0  libinit2.o(.ARM.Collect$$libinit$$00000021)
    __rt_lib_init_cpp_1                      0x080001cd   Thumb Code     0  libinit2.o(.ARM.Collect$$libinit$$00000032)
    __rt_lib_init_exceptions_1               0x080001cd   Thumb Code     0  libinit2.o(.ARM.Collect$$libinit$$00000030)
    __rt_lib_init_fp_trap_1                  0x080001cd   Thumb Code     0  libinit2.o(.ARM.Collect$$libinit$$0000001F)
    __rt_lib_init_getenv_1                   0x080001cd   Thumb Code     0  libinit2.o(.ARM.Collect$$libinit$$00000023)
    __rt_lib_init_lc_numeric_1               0x080001cd   Thumb Code     0  libinit2.o(.ARM.Collect$$libinit$$00000017)
    __rt_lib_init_lc_time_1                  0x080001cd   Thumb Code     0  libinit2.o(.ARM.Collect$$libinit$$00000019)
    __rt_lib_init_return                     0x080001cd   Thumb Code     0  libinit2.o(.ARM.Collect$$libinit$$00000033)
    __rt_lib_init_signal_1                   0x080001cd   Thumb Code     0  libinit2.o(.ARM.Collect$$libinit$$0000001D)
    __rt_lib_init_stdio_1                    0x080001cd   Thumb Code     0  libinit2.o(.ARM.Collect$$libinit$$00000025)
    __rt_lib_shutdown                        0x080001cf   Thumb Code     0  libshutdown.o(.ARM.Collect$$libshutdown$$00000000)
    __rt_lib_shutdown_cpp_1                  0x080001d1   Thumb Code     0  libshutdown2.o(.ARM.Collect$$libshutdown$$00000002)
    __rt_lib_shutdown_fp_trap_1              0x080001d1   Thumb Code     0  libshutdown2.o(.ARM.Collect$$libshutdown$$00000007)
    __rt_lib_shutdown_heap_1                 0x080001d1   Thumb Code     0  libshutdown2.o(.ARM.Collect$$libshutdown$$0000000F)
    __rt_lib_shutdown_return                 0x080001d1   Thumb Code     0  libshutdown2.o(.ARM.Collect$$libshutdown$$00000010)
    __rt_lib_shutdown_signal_1               0x080001d1   Thumb Code     0  libshutdown2.o(.ARM.Collect$$libshutdown$$0000000A)
    __rt_lib_shutdown_stdio_1                0x080001d1   Thumb Code     0  libshutdown2.o(.ARM.Collect$$libshutdown$$00000004)
    __rt_lib_shutdown_user_alloc_1           0x080001d1   Thumb Code     0  libshutdown2.o(.ARM.Collect$$libshutdown$$0000000C)
    __rt_entry                               0x080001d3   Thumb Code     0  __rtentry.o(.ARM.Collect$$rtentry$$00000000)
    __rt_entry_presh_1                       0x080001d3   Thumb Code     0  __rtentry2.o(.ARM.Collect$$rtentry$$00000002)
    __rt_entry_sh                            0x080001d3   Thumb Code     0  __rtentry4.o(.ARM.Collect$$rtentry$$00000004)
    __rt_entry_li                            0x080001d9   Thumb Code     0  __rtentry2.o(.ARM.Collect$$rtentry$$0000000A)
    __rt_entry_postsh_1                      0x080001d9   Thumb Code     0  __rtentry2.o(.ARM.Collect$$rtentry$$00000009)
    __rt_entry_main                          0x080001dd   Thumb Code     0  __rtentry2.o(.ARM.Collect$$rtentry$$0000000D)
    __rt_entry_postli_1                      0x080001dd   Thumb Code     0  __rtentry2.o(.ARM.Collect$$rtentry$$0000000C)
    __rt_exit                                0x080001e5   Thumb Code     0  rtexit.o(.ARM.Collect$$rtexit$$00000000)
    __rt_exit_ls                             0x080001e7   Thumb Code     0  rtexit2.o(.ARM.Collect$$rtexit$$00000003)
    __rt_exit_prels_1                        0x080001e7   Thumb Code     0  rtexit2.o(.ARM.Collect$$rtexit$$00000002)
    __rt_exit_exit                           0x080001eb   Thumb Code     0  rtexit2.o(.ARM.Collect$$rtexit$$00000004)
    DSO_Win                                  0x080001f1   Thumb Code   158  main.o(.text)
    CH1_Update                               0x0800028f   Thumb Code    80  main.o(.text)
    CH2_Update                               0x080002df   Thumb Code    80  main.o(.text)
    FREQ_Update                              0x0800032f   Thumb Code    80  main.o(.text)
    main                                     0x0800037f   Thumb Code   526  main.o(.text)
    NMI_Handler                              0x080005c9   Thumb Code     2  stm32f10x_it.o(.text)
    HardFault_Handler                        0x080005cb   Thumb Code     2  stm32f10x_it.o(.text)
    MemManage_Handler                        0x080005cd   Thumb Code     2  stm32f10x_it.o(.text)
    BusFault_Handler                         0x080005cf   Thumb Code     2  stm32f10x_it.o(.text)
    UsageFault_Handler                       0x080005d1   Thumb Code     2  stm32f10x_it.o(.text)
    SVC_Handler                              0x080005d3   Thumb Code     2  stm32f10x_it.o(.text)
    DebugMon_Handler                         0x080005d5   Thumb Code     2  stm32f10x_it.o(.text)
    PendSV_Handler                           0x080005d7   Thumb Code     2  stm32f10x_it.o(.text)
    SysTick_Handler                          0x080005d9   Thumb Code     2  stm32f10x_it.o(.text)
    SystemInit                               0x0800067d   Thumb Code    64  system_stm32f10x.o(.text)
    SystemCoreClockUpdate                    0x080006bd   Thumb Code    86  system_stm32f10x.o(.text)
    LED_Init                                 0x08000735   Thumb Code   132  led.o(.text)
    LED_ON                                   0x080007b9   Thumb Code    32  led.o(.text)
    LED_OFF                                  0x080007d9   Thumb Code    32  led.o(.text)
    LED_TOGGLE                               0x080007f9   Thumb Code    20  led.o(.text)
    KEY_Init                                 0x08000815   Thumb Code    80  key.o(.text)
    KEY_Scan                                 0x08000865   Thumb Code   158  key.o(.text)
    SPI_Flash_ReadID                         0x08000915   Thumb Code    62  w25x16.o(.text)
    SPI_Flash_Init                           0x08000953   Thumb Code    74  w25x16.o(.text)
    SPI_Flash_ReadSR                         0x0800099d   Thumb Code    32  w25x16.o(.text)
    SPI_FLASH_Write_SR                       0x080009bd   Thumb Code    34  w25x16.o(.text)
    SPI_FLASH_Write_Enable                   0x080009df   Thumb Code    26  w25x16.o(.text)
    SPI_FLASH_Write_Disable                  0x080009f9   Thumb Code    26  w25x16.o(.text)
    SPI_Flash_Read                           0x08000a13   Thumb Code    76  w25x16.o(.text)
    SPI_Flash_Wait_Busy                      0x08000a5f   Thumb Code    12  w25x16.o(.text)
    SPI_Flash_Write_Page                     0x08000a6b   Thumb Code    80  w25x16.o(.text)
    SPI_Flash_Write_NoCheck                  0x08000abb   Thumb Code    60  w25x16.o(.text)
    SPI_Flash_Erase_Sector                   0x08000af7   Thumb Code    62  w25x16.o(.text)
    SPI_Flash_Write                          0x08000b35   Thumb Code   150  w25x16.o(.text)
    SPI_Flash_Erase_Chip                     0x08000bcb   Thumb Code    38  w25x16.o(.text)
    SPI_Flash_PowerDown                      0x08000bf1   Thumb Code    34  w25x16.o(.text)
    SPI_Flash_WAKEUP                         0x08000c13   Thumb Code    34  w25x16.o(.text)
    SPI1_ReadWriteByte                       0x08000c4d   Thumb Code    76  spi1.o(.text)
    SPI1_Init                                0x08000c99   Thumb Code   110  spi1.o(.text)
    SPI1_SetSpeed                            0x08000d07   Thumb Code    26  spi1.o(.text)
    SPIv_WriteData                           0x08000d2d   Thumb Code    40  lcd_x.o(.text)
    SPI_WriteByte                            0x08000d55   Thumb Code    56  lcd_x.o(.text)
    SPI_SetSpeed                             0x08000d8d   Thumb Code    30  lcd_x.o(.text)
    SPI2_Init                                0x08000dab   Thumb Code   214  lcd_x.o(.text)
    LCD_WR_REG                               0x08000e81   Thumb Code    34  lcd_x.o(.text)
    LCD_WR_DATA                              0x08000ea3   Thumb Code    34  lcd_x.o(.text)
    LCD_WR_DATA_16Bit                        0x08000ec5   Thumb Code    46  lcd_x.o(.text)
    LCD_WriteReg                             0x08000ef3   Thumb Code    16  lcd_x.o(.text)
    LCD_WriteRAM_Prepare                     0x08000f03   Thumb Code     6  lcd_x.o(.text)
    LCD_SetWindows                           0x08000f09   Thumb Code    92  lcd_x.o(.text)
    LCD_SetCursor                            0x08000f65   Thumb Code     6  lcd_x.o(.text)
    LCD_DrawPoint                            0x08000f6b   Thumb Code    16  lcd_x.o(.text)
    LCD_DrawPoint_Color                      0x08000f7b   Thumb Code    16  lcd_x.o(.text)
    LCD_ReadPoint                            0x08000f8b   Thumb Code     4  lcd_x.o(.text)
    LCD_GPIOInit                             0x08000f8f   Thumb Code    64  lcd_x.o(.text)
    LCD_RESET                                0x08000fcf   Thumb Code    18  lcd_x.o(.text)
    LCD_SetParam                             0x08000fe1   Thumb Code    30  lcd_x.o(.text)
    LCD_Init                                 0x08000fff   Thumb Code   568  lcd_x.o(.text)
    LCD_Clear                                0x08001237   Thumb Code    62  lcd_x.o(.text)
    LCD_Fill                                 0x08001275   Thumb Code    88  lcd_x.o(.text)
    LCD_DrawLine_Color                       0x080012cd   Thumb Code   152  lcd_x.o(.text)
    LCD_DrawLine                             0x08001365   Thumb Code   148  lcd_x.o(.text)
    LCD_DrawRectangle                        0x080013f9   Thumb Code    54  lcd_x.o(.text)
    LCD_DrawFillRectangle                    0x0800142f   Thumb Code    14  lcd_x.o(.text)
    LCD_ShowChar                             0x0800143d   Thumb Code   240  lcd_x.o(.text)
    LCD_ShowNum2412                          0x0800152d   Thumb Code   200  lcd_x.o(.text)
    LCD_ShowString                           0x080015f5   Thumb Code   110  lcd_x.o(.text)
    mypow                                    0x08001663   Thumb Code    16  lcd_x.o(.text)
    LCD_ShowNum                              0x08001673   Thumb Code   126  lcd_x.o(.text)
    GUI_DrawFont16                           0x080016f1   Thumb Code   218  lcd_x.o(.text)
    GUI_DrawFont24                           0x080017cb   Thumb Code   224  lcd_x.o(.text)
    GUI_DrawFont32                           0x080018ab   Thumb Code   220  lcd_x.o(.text)
    LCD_Show_Str                             0x08001987   Thumb Code   228  lcd_x.o(.text)
    LCD_StrCenter                            0x08001a6b   Thumb Code    64  lcd_x.o(.text)
    Gui_Drawbmp16                            0x08001aab   Thumb Code    90  lcd_x.o(.text)
    Fullscreen_showimage                     0x08001b05   Thumb Code    56  lcd_x.o(.text)
    TIM4_PWM_Init                            0x08001b3d   Thumb Code   120  servo.o(.text)
    Servo_Init                               0x08001bb5   Thumb Code    32  servo.o(.text)
    SERVO1                                   0x08001bd5   Thumb Code    20  servo.o(.text)
    SERVO2                                   0x08001be9   Thumb Code    20  servo.o(.text)
    ADC_GPIO_Configuration                   0x08001c09   Thumb Code    36  adc.o(.text)
    ADC_TIM2_GPIO_Configuration              0x08001c2d   Thumb Code    38  adc.o(.text)
    ADC_TIM2_Configuration                   0x08001c53   Thumb Code    96  adc.o(.text)
    ADC_TIM3_Configuration                   0x08001cb3   Thumb Code    62  adc.o(.text)
    ADC_DMA_NVIC_Configuration               0x08001cf1   Thumb Code    48  adc.o(.text)
    ADC_DMA_Configuration                    0x08001d21   Thumb Code    84  adc.o(.text)
    ADC_Init_Configuration                   0x08001d75   Thumb Code   148  adc.o(.text)
    Adc_Init                                 0x08001e09   Thumb Code    22  adc.o(.text)
    ADC_GetFREQ                              0x08001e1f   Thumb Code     6  adc.o(.text)
    ADC_SetFreq                              0x08001e25   Thumb Code    40  adc.o(.text)
    DMA1_Channel1_IRQHandler                 0x08001e4d   Thumb Code    24  adc.o(.text)
    delay_init                               0x08001e81   Thumb Code    46  delay.o(.text)
    delay_us                                 0x08001eaf   Thumb Code    46  delay.o(.text)
    delay_ms                                 0x08001edd   Thumb Code    46  delay.o(.text)
    _sys_exit                                0x08001f19   Thumb Code     2  usart.o(.text)
    fputc                                    0x08001f1b   Thumb Code    18  usart.o(.text)
    uart_init                                0x08001f2d   Thumb Code   152  usart.o(.text)
    USART1_IRQHandler                        0x08001fc5   Thumb Code    88  usart.o(.text)
    NVIC_PriorityGroupConfig                 0x0800202d   Thumb Code    10  misc.o(.text)
    NVIC_Init                                0x08002037   Thumb Code    94  misc.o(.text)
    NVIC_SetVectorTable                      0x08002095   Thumb Code    14  misc.o(.text)
    NVIC_SystemLPConfig                      0x080020a3   Thumb Code    20  misc.o(.text)
    SysTick_CLKSourceConfig                  0x080020b7   Thumb Code    24  misc.o(.text)
    ADC_DeInit                               0x080020dd   Thumb Code    56  stm32f10x_adc.o(.text)
    ADC_Init                                 0x08002115   Thumb Code    62  stm32f10x_adc.o(.text)
    ADC_StructInit                           0x08002153   Thumb Code    18  stm32f10x_adc.o(.text)
    ADC_Cmd                                  0x08002165   Thumb Code    20  stm32f10x_adc.o(.text)
    ADC_DMACmd                               0x08002179   Thumb Code    20  stm32f10x_adc.o(.text)
    ADC_ITConfig                             0x0800218d   Thumb Code    18  stm32f10x_adc.o(.text)
    ADC_ResetCalibration                     0x0800219f   Thumb Code    10  stm32f10x_adc.o(.text)
    ADC_GetResetCalibrationStatus            0x080021a9   Thumb Code    14  stm32f10x_adc.o(.text)
    ADC_StartCalibration                     0x080021b7   Thumb Code    10  stm32f10x_adc.o(.text)
    ADC_GetCalibrationStatus                 0x080021c1   Thumb Code    14  stm32f10x_adc.o(.text)
    ADC_SoftwareStartConvCmd                 0x080021cf   Thumb Code    20  stm32f10x_adc.o(.text)
    ADC_GetSoftwareStartConvStatus           0x080021e3   Thumb Code    14  stm32f10x_adc.o(.text)
    ADC_DiscModeChannelCountConfig           0x080021f1   Thumb Code    16  stm32f10x_adc.o(.text)
    ADC_DiscModeCmd                          0x08002201   Thumb Code    20  stm32f10x_adc.o(.text)
    ADC_RegularChannelConfig                 0x08002215   Thumb Code   116  stm32f10x_adc.o(.text)
    ADC_ExternalTrigConvCmd                  0x08002289   Thumb Code    20  stm32f10x_adc.o(.text)
    ADC_GetConversionValue                   0x0800229d   Thumb Code     6  stm32f10x_adc.o(.text)
    ADC_GetDualModeConversionValue           0x080022a3   Thumb Code     8  stm32f10x_adc.o(.text)
    ADC_AutoInjectedConvCmd                  0x080022ab   Thumb Code    20  stm32f10x_adc.o(.text)
    ADC_InjectedDiscModeCmd                  0x080022bf   Thumb Code    20  stm32f10x_adc.o(.text)
    ADC_ExternalTrigInjectedConvConfig       0x080022d3   Thumb Code    12  stm32f10x_adc.o(.text)
    ADC_ExternalTrigInjectedConvCmd          0x080022df   Thumb Code    20  stm32f10x_adc.o(.text)
    ADC_SoftwareStartInjectedConvCmd         0x080022f3   Thumb Code    20  stm32f10x_adc.o(.text)
    ADC_GetSoftwareStartInjectedConvCmdStatus 0x08002307   Thumb Code    14  stm32f10x_adc.o(.text)
    ADC_InjectedChannelConfig                0x08002315   Thumb Code    74  stm32f10x_adc.o(.text)
    ADC_InjectedSequencerLengthConfig        0x0800235f   Thumb Code    16  stm32f10x_adc.o(.text)
    ADC_SetInjectedOffset                    0x0800236f   Thumb Code    10  stm32f10x_adc.o(.text)
    ADC_GetInjectedConversionValue           0x08002379   Thumb Code    14  stm32f10x_adc.o(.text)
    ADC_AnalogWatchdogCmd                    0x08002387   Thumb Code    12  stm32f10x_adc.o(.text)
    ADC_AnalogWatchdogThresholdsConfig       0x08002393   Thumb Code     6  stm32f10x_adc.o(.text)
    ADC_AnalogWatchdogSingleChannelConfig    0x08002399   Thumb Code    12  stm32f10x_adc.o(.text)
    ADC_TempSensorVrefintCmd                 0x080023a5   Thumb Code    24  stm32f10x_adc.o(.text)
    ADC_GetFlagStatus                        0x080023bd   Thumb Code    14  stm32f10x_adc.o(.text)
    ADC_ClearFlag                            0x080023cb   Thumb Code     6  stm32f10x_adc.o(.text)
    ADC_GetITStatus                          0x080023d1   Thumb Code    28  stm32f10x_adc.o(.text)
    ADC_ClearITPendingBit                    0x080023ed   Thumb Code     8  stm32f10x_adc.o(.text)
    GPIO_DeInit                              0x0800240d   Thumb Code   152  stm32f10x_gpio.o(.text)
    GPIO_AFIODeInit                          0x080024a5   Thumb Code    22  stm32f10x_gpio.o(.text)
    GPIO_Init                                0x080024bb   Thumb Code   156  stm32f10x_gpio.o(.text)
    GPIO_StructInit                          0x08002557   Thumb Code    16  stm32f10x_gpio.o(.text)
    GPIO_ReadInputDataBit                    0x08002567   Thumb Code    14  stm32f10x_gpio.o(.text)
    GPIO_ReadInputData                       0x08002575   Thumb Code     6  stm32f10x_gpio.o(.text)
    GPIO_ReadOutputDataBit                   0x0800257b   Thumb Code    14  stm32f10x_gpio.o(.text)
    GPIO_ReadOutputData                      0x08002589   Thumb Code     6  stm32f10x_gpio.o(.text)
    GPIO_SetBits                             0x0800258f   Thumb Code     4  stm32f10x_gpio.o(.text)
    GPIO_ResetBits                           0x08002593   Thumb Code     4  stm32f10x_gpio.o(.text)
    GPIO_WriteBit                            0x08002597   Thumb Code    10  stm32f10x_gpio.o(.text)
    GPIO_Write                               0x080025a1   Thumb Code     4  stm32f10x_gpio.o(.text)
    GPIO_PinLockConfig                       0x080025a5   Thumb Code    16  stm32f10x_gpio.o(.text)
    GPIO_EventOutputConfig                   0x080025b5   Thumb Code    22  stm32f10x_gpio.o(.text)
    GPIO_EventOutputCmd                      0x080025cb   Thumb Code     6  stm32f10x_gpio.o(.text)
    GPIO_PinRemapConfig                      0x080025d1   Thumb Code    82  stm32f10x_gpio.o(.text)
    GPIO_EXTILineConfig                      0x08002623   Thumb Code    34  stm32f10x_gpio.o(.text)
    GPIO_ETH_MediaInterfaceConfig            0x08002645   Thumb Code     8  stm32f10x_gpio.o(.text)
    RCC_DeInit                               0x08002671   Thumb Code    50  stm32f10x_rcc.o(.text)
    RCC_HSEConfig                            0x080026a3   Thumb Code    48  stm32f10x_rcc.o(.text)
    RCC_GetFlagStatus                        0x080026d3   Thumb Code    42  stm32f10x_rcc.o(.text)
    RCC_WaitForHSEStartUp                    0x080026fd   Thumb Code    44  stm32f10x_rcc.o(.text)
    RCC_AdjustHSICalibrationValue            0x08002729   Thumb Code    16  stm32f10x_rcc.o(.text)
    RCC_HSICmd                               0x08002739   Thumb Code     6  stm32f10x_rcc.o(.text)
    RCC_PLLConfig                            0x0800273f   Thumb Code    16  stm32f10x_rcc.o(.text)
    RCC_PLLCmd                               0x0800274f   Thumb Code     6  stm32f10x_rcc.o(.text)
    RCC_SYSCLKConfig                         0x08002755   Thumb Code    14  stm32f10x_rcc.o(.text)
    RCC_GetSYSCLKSource                      0x08002763   Thumb Code    10  stm32f10x_rcc.o(.text)
    RCC_HCLKConfig                           0x0800276d   Thumb Code    14  stm32f10x_rcc.o(.text)
    RCC_PCLK1Config                          0x0800277b   Thumb Code    14  stm32f10x_rcc.o(.text)
    RCC_PCLK2Config                          0x08002789   Thumb Code    16  stm32f10x_rcc.o(.text)
    RCC_ITConfig                             0x08002799   Thumb Code    18  stm32f10x_rcc.o(.text)
    RCC_USBCLKConfig                         0x080027ab   Thumb Code     8  stm32f10x_rcc.o(.text)
    RCC_ADCCLKConfig                         0x080027b3   Thumb Code    14  stm32f10x_rcc.o(.text)
    RCC_LSEConfig                            0x080027c1   Thumb Code    28  stm32f10x_rcc.o(.text)
    RCC_LSICmd                               0x080027dd   Thumb Code     6  stm32f10x_rcc.o(.text)
    RCC_RTCCLKConfig                         0x080027e3   Thumb Code    10  stm32f10x_rcc.o(.text)
    RCC_RTCCLKCmd                            0x080027ed   Thumb Code     8  stm32f10x_rcc.o(.text)
    RCC_GetClocksFreq                        0x080027f5   Thumb Code   132  stm32f10x_rcc.o(.text)
    RCC_AHBPeriphClockCmd                    0x08002879   Thumb Code    18  stm32f10x_rcc.o(.text)
    RCC_APB2PeriphClockCmd                   0x0800288b   Thumb Code    18  stm32f10x_rcc.o(.text)
    RCC_APB1PeriphClockCmd                   0x0800289d   Thumb Code    18  stm32f10x_rcc.o(.text)
    RCC_APB2PeriphResetCmd                   0x080028af   Thumb Code    18  stm32f10x_rcc.o(.text)
    RCC_APB1PeriphResetCmd                   0x080028c1   Thumb Code    18  stm32f10x_rcc.o(.text)
    RCC_BackupResetCmd                       0x080028d3   Thumb Code     8  stm32f10x_rcc.o(.text)
    RCC_ClockSecuritySystemCmd               0x080028db   Thumb Code     6  stm32f10x_rcc.o(.text)
    RCC_MCOConfig                            0x080028e1   Thumb Code     6  stm32f10x_rcc.o(.text)
    RCC_ClearFlag                            0x080028e7   Thumb Code    12  stm32f10x_rcc.o(.text)
    RCC_GetITStatus                          0x080028f3   Thumb Code    16  stm32f10x_rcc.o(.text)
    RCC_ClearITPendingBit                    0x08002903   Thumb Code     6  stm32f10x_rcc.o(.text)
    SPI_I2S_DeInit                           0x08002929   Thumb Code    72  stm32f10x_spi.o(.text)
    SPI_Init                                 0x08002971   Thumb Code    56  stm32f10x_spi.o(.text)
    I2S_Init                                 0x080029a9   Thumb Code   150  stm32f10x_spi.o(.text)
    SPI_StructInit                           0x08002a3f   Thumb Code    24  stm32f10x_spi.o(.text)
    I2S_StructInit                           0x08002a57   Thumb Code    18  stm32f10x_spi.o(.text)
    SPI_Cmd                                  0x08002a69   Thumb Code    20  stm32f10x_spi.o(.text)
    I2S_Cmd                                  0x08002a7d   Thumb Code    20  stm32f10x_spi.o(.text)
    SPI_I2S_ITConfig                         0x08002a91   Thumb Code    24  stm32f10x_spi.o(.text)
    SPI_I2S_DMACmd                           0x08002aa9   Thumb Code    16  stm32f10x_spi.o(.text)
    SPI_I2S_SendData                         0x08002ab9   Thumb Code     4  stm32f10x_spi.o(.text)
    SPI_I2S_ReceiveData                      0x08002abd   Thumb Code     4  stm32f10x_spi.o(.text)
    SPI_NSSInternalSoftwareConfig            0x08002ac1   Thumb Code    24  stm32f10x_spi.o(.text)
    SPI_SSOutputCmd                          0x08002ad9   Thumb Code    20  stm32f10x_spi.o(.text)
    SPI_DataSizeConfig                       0x08002aed   Thumb Code    16  stm32f10x_spi.o(.text)
    SPI_TransmitCRC                          0x08002afd   Thumb Code    10  stm32f10x_spi.o(.text)
    SPI_CalculateCRC                         0x08002b07   Thumb Code    20  stm32f10x_spi.o(.text)
    SPI_GetCRC                               0x08002b1b   Thumb Code    12  stm32f10x_spi.o(.text)
    SPI_GetCRCPolynomial                     0x08002b27   Thumb Code     4  stm32f10x_spi.o(.text)
    SPI_BiDirectionalLineConfig              0x08002b2b   Thumb Code    22  stm32f10x_spi.o(.text)
    SPI_I2S_GetFlagStatus                    0x08002b41   Thumb Code    14  stm32f10x_spi.o(.text)
    SPI_I2S_ClearFlag                        0x08002b4f   Thumb Code     6  stm32f10x_spi.o(.text)
    SPI_I2S_GetITStatus                      0x08002b55   Thumb Code    44  stm32f10x_spi.o(.text)
    SPI_I2S_ClearITPendingBit                0x08002b81   Thumb Code    14  stm32f10x_spi.o(.text)
    TIM_DeInit                               0x08002b9d   Thumb Code   304  stm32f10x_tim.o(.text)
    TIM_TimeBaseInit                         0x08002ccd   Thumb Code   114  stm32f10x_tim.o(.text)
    TIM_OC1Init                              0x08002d3f   Thumb Code   106  stm32f10x_tim.o(.text)
    TIM_OC2Init                              0x08002da9   Thumb Code   120  stm32f10x_tim.o(.text)
    TIM_OC3Init                              0x08002e21   Thumb Code   116  stm32f10x_tim.o(.text)
    TIM_OC4Init                              0x08002e95   Thumb Code    90  stm32f10x_tim.o(.text)
    TIM_SetIC4Prescaler                      0x08002eef   Thumb Code    24  stm32f10x_tim.o(.text)
    TIM_SetIC3Prescaler                      0x08002f07   Thumb Code    16  stm32f10x_tim.o(.text)
    TIM_SetIC2Prescaler                      0x08002f17   Thumb Code    24  stm32f10x_tim.o(.text)
    TIM_SetIC1Prescaler                      0x08002fd5   Thumb Code    16  stm32f10x_tim.o(.text)
    TIM_ICInit                               0x0800303d   Thumb Code   270  stm32f10x_tim.o(.text)
    TIM_PWMIConfig                           0x0800314b   Thumb Code   104  stm32f10x_tim.o(.text)
    TIM_BDTRConfig                           0x080031b3   Thumb Code    34  stm32f10x_tim.o(.text)
    TIM_TimeBaseStructInit                   0x080031d5   Thumb Code    18  stm32f10x_tim.o(.text)
    TIM_OCStructInit                         0x080031e7   Thumb Code    20  stm32f10x_tim.o(.text)
    TIM_ICStructInit                         0x080031fb   Thumb Code    16  stm32f10x_tim.o(.text)
    TIM_BDTRStructInit                       0x0800320b   Thumb Code    18  stm32f10x_tim.o(.text)
    TIM_Cmd                                  0x0800321d   Thumb Code    20  stm32f10x_tim.o(.text)
    TIM_CtrlPWMOutputs                       0x08003231   Thumb Code    22  stm32f10x_tim.o(.text)
    TIM_ITConfig                             0x08003247   Thumb Code    16  stm32f10x_tim.o(.text)
    TIM_GenerateEvent                        0x08003257   Thumb Code     4  stm32f10x_tim.o(.text)
    TIM_DMAConfig                            0x0800325b   Thumb Code     8  stm32f10x_tim.o(.text)
    TIM_DMACmd                               0x08003263   Thumb Code    16  stm32f10x_tim.o(.text)
    TIM_InternalClockConfig                  0x08003273   Thumb Code    10  stm32f10x_tim.o(.text)
    TIM_SelectInputTrigger                   0x0800327d   Thumb Code    12  stm32f10x_tim.o(.text)
    TIM_ITRxExternalClockConfig              0x08003289   Thumb Code    18  stm32f10x_tim.o(.text)
    TIM_TIxExternalClockConfig               0x0800329b   Thumb Code    46  stm32f10x_tim.o(.text)
    TIM_ETRConfig                            0x080032c9   Thumb Code    24  stm32f10x_tim.o(.text)
    TIM_ETRClockMode1Config                  0x080032e1   Thumb Code    18  stm32f10x_tim.o(.text)
    TIM_ETRClockMode2Config                  0x080032f3   Thumb Code    18  stm32f10x_tim.o(.text)
    TIM_PrescalerConfig                      0x08003305   Thumb Code     6  stm32f10x_tim.o(.text)
    TIM_CounterModeConfig                    0x0800330b   Thumb Code    12  stm32f10x_tim.o(.text)
    TIM_EncoderInterfaceConfig               0x08003317   Thumb Code    50  stm32f10x_tim.o(.text)
    TIM_ForcedOC1Config                      0x08003349   Thumb Code    12  stm32f10x_tim.o(.text)
    TIM_ForcedOC2Config                      0x08003355   Thumb Code    20  stm32f10x_tim.o(.text)
    TIM_ForcedOC3Config                      0x08003369   Thumb Code    12  stm32f10x_tim.o(.text)
    TIM_ForcedOC4Config                      0x08003375   Thumb Code    20  stm32f10x_tim.o(.text)
    TIM_ARRPreloadConfig                     0x08003389   Thumb Code    20  stm32f10x_tim.o(.text)
    TIM_SelectCOM                            0x0800339d   Thumb Code    20  stm32f10x_tim.o(.text)
    TIM_SelectCCDMA                          0x080033b1   Thumb Code    20  stm32f10x_tim.o(.text)
    TIM_CCPreloadControl                     0x080033c5   Thumb Code    20  stm32f10x_tim.o(.text)
    TIM_OC1PreloadConfig                     0x080033d9   Thumb Code    32  stm32f10x_tim.o(.text)
    TIM_OC2PreloadConfig                     0x080033f9   Thumb Code    20  stm32f10x_tim.o(.text)
    TIM_OC3PreloadConfig                     0x0800340d   Thumb Code    12  stm32f10x_tim.o(.text)
    TIM_OC4PreloadConfig                     0x08003419   Thumb Code    20  stm32f10x_tim.o(.text)
    TIM_OC1FastConfig                        0x0800342d   Thumb Code    12  stm32f10x_tim.o(.text)
    TIM_OC2FastConfig                        0x08003439   Thumb Code    20  stm32f10x_tim.o(.text)
    TIM_OC3FastConfig                        0x0800344d   Thumb Code    12  stm32f10x_tim.o(.text)
    TIM_OC4FastConfig                        0x08003459   Thumb Code    20  stm32f10x_tim.o(.text)
    TIM_ClearOC1Ref                          0x0800346d   Thumb Code    12  stm32f10x_tim.o(.text)
    TIM_ClearOC2Ref                          0x08003479   Thumb Code    20  stm32f10x_tim.o(.text)
    TIM_ClearOC3Ref                          0x0800348d   Thumb Code    12  stm32f10x_tim.o(.text)
    TIM_ClearOC4Ref                          0x08003499   Thumb Code    20  stm32f10x_tim.o(.text)
    TIM_OC1PolarityConfig                    0x080034ad   Thumb Code    12  stm32f10x_tim.o(.text)
    TIM_OC1NPolarityConfig                   0x080034b9   Thumb Code    12  stm32f10x_tim.o(.text)
    TIM_OC2PolarityConfig                    0x080034c5   Thumb Code    20  stm32f10x_tim.o(.text)
    TIM_OC2NPolarityConfig                   0x080034d9   Thumb Code    20  stm32f10x_tim.o(.text)
    TIM_OC3PolarityConfig                    0x080034ed   Thumb Code    20  stm32f10x_tim.o(.text)
    TIM_OC3NPolarityConfig                   0x08003501   Thumb Code    20  stm32f10x_tim.o(.text)
    TIM_OC4PolarityConfig                    0x08003515   Thumb Code    20  stm32f10x_tim.o(.text)
    TIM_CCxCmd                               0x08003529   Thumb Code    22  stm32f10x_tim.o(.text)
    TIM_CCxNCmd                              0x0800353f   Thumb Code    22  stm32f10x_tim.o(.text)
    TIM_SelectOCxM                           0x08003555   Thumb Code    70  stm32f10x_tim.o(.text)
    TIM_UpdateDisableConfig                  0x0800359b   Thumb Code    20  stm32f10x_tim.o(.text)
    TIM_UpdateRequestConfig                  0x080035af   Thumb Code    20  stm32f10x_tim.o(.text)
    TIM_SelectHallSensor                     0x080035c3   Thumb Code    20  stm32f10x_tim.o(.text)
    TIM_SelectOnePulseMode                   0x080035d7   Thumb Code    16  stm32f10x_tim.o(.text)
    TIM_SelectOutputTrigger                  0x080035e7   Thumb Code    16  stm32f10x_tim.o(.text)
    TIM_SelectSlaveMode                      0x080035f7   Thumb Code    16  stm32f10x_tim.o(.text)
    TIM_SelectMasterSlaveMode                0x08003607   Thumb Code    16  stm32f10x_tim.o(.text)
    TIM_SetCounter                           0x08003617   Thumb Code     4  stm32f10x_tim.o(.text)
    TIM_SetAutoreload                        0x0800361b   Thumb Code     4  stm32f10x_tim.o(.text)
    TIM_SetCompare1                          0x0800361f   Thumb Code     4  stm32f10x_tim.o(.text)
    TIM_SetCompare2                          0x08003623   Thumb Code     4  stm32f10x_tim.o(.text)
    TIM_SetCompare3                          0x08003627   Thumb Code     4  stm32f10x_tim.o(.text)
    TIM_SetCompare4                          0x0800362b   Thumb Code     6  stm32f10x_tim.o(.text)
    TIM_SetClockDivision                     0x08003631   Thumb Code    16  stm32f10x_tim.o(.text)
    TIM_GetCapture1                          0x08003641   Thumb Code     4  stm32f10x_tim.o(.text)
    TIM_GetCapture2                          0x08003645   Thumb Code     4  stm32f10x_tim.o(.text)
    TIM_GetCapture3                          0x08003649   Thumb Code     4  stm32f10x_tim.o(.text)
    TIM_GetCapture4                          0x0800364d   Thumb Code     6  stm32f10x_tim.o(.text)
    TIM_GetCounter                           0x08003653   Thumb Code     4  stm32f10x_tim.o(.text)
    TIM_GetPrescaler                         0x08003657   Thumb Code     4  stm32f10x_tim.o(.text)
    TIM_GetFlagStatus                        0x0800365b   Thumb Code    14  stm32f10x_tim.o(.text)
    TIM_ClearFlag                            0x08003669   Thumb Code     6  stm32f10x_tim.o(.text)
    TIM_GetITStatus                          0x0800366f   Thumb Code    24  stm32f10x_tim.o(.text)
    TIM_ClearITPendingBit                    0x08003687   Thumb Code     6  stm32f10x_tim.o(.text)
    USART_DeInit                             0x0800368d   Thumb Code    96  stm32f10x_usart.o(.text)
    USART_Init                               0x080036ed   Thumb Code   166  stm32f10x_usart.o(.text)
    USART_StructInit                         0x08003793   Thumb Code    22  stm32f10x_usart.o(.text)
    USART_ClockInit                          0x080037a9   Thumb Code    30  stm32f10x_usart.o(.text)
    USART_ClockStructInit                    0x080037c7   Thumb Code    12  stm32f10x_usart.o(.text)
    USART_Cmd                                0x080037d3   Thumb Code    20  stm32f10x_usart.o(.text)
    USART_ITConfig                           0x080037e7   Thumb Code    48  stm32f10x_usart.o(.text)
    USART_DMACmd                             0x08003817   Thumb Code    16  stm32f10x_usart.o(.text)
    USART_SetAddress                         0x08003827   Thumb Code    16  stm32f10x_usart.o(.text)
    USART_WakeUpConfig                       0x08003837   Thumb Code    16  stm32f10x_usart.o(.text)
    USART_ReceiverWakeUpCmd                  0x08003847   Thumb Code    20  stm32f10x_usart.o(.text)
    USART_LINBreakDetectLengthConfig         0x0800385b   Thumb Code    16  stm32f10x_usart.o(.text)
    USART_LINCmd                             0x0800386b   Thumb Code    20  stm32f10x_usart.o(.text)
    USART_SendData                           0x0800387f   Thumb Code     8  stm32f10x_usart.o(.text)
    USART_ReceiveData                        0x08003887   Thumb Code     8  stm32f10x_usart.o(.text)
    USART_SendBreak                          0x0800388f   Thumb Code    10  stm32f10x_usart.o(.text)
    USART_SetGuardTime                       0x08003899   Thumb Code    16  stm32f10x_usart.o(.text)
    USART_SetPrescaler                       0x080038a9   Thumb Code    16  stm32f10x_usart.o(.text)
    USART_SmartCardCmd                       0x080038b9   Thumb Code    20  stm32f10x_usart.o(.text)
    USART_SmartCardNACKCmd                   0x080038cd   Thumb Code    20  stm32f10x_usart.o(.text)
    USART_HalfDuplexCmd                      0x080038e1   Thumb Code    20  stm32f10x_usart.o(.text)
    USART_OverSampling8Cmd                   0x080038f5   Thumb Code    20  stm32f10x_usart.o(.text)
    USART_OneBitMethodCmd                    0x08003909   Thumb Code    20  stm32f10x_usart.o(.text)
    USART_IrDAConfig                         0x0800391d   Thumb Code    16  stm32f10x_usart.o(.text)
    USART_IrDACmd                            0x0800392d   Thumb Code    20  stm32f10x_usart.o(.text)
    USART_GetFlagStatus                      0x08003941   Thumb Code    14  stm32f10x_usart.o(.text)
    USART_ClearFlag                          0x0800394f   Thumb Code     6  stm32f10x_usart.o(.text)
    USART_GetITStatus                        0x08003955   Thumb Code    62  stm32f10x_usart.o(.text)
    USART_ClearITPendingBit                  0x08003993   Thumb Code    12  stm32f10x_usart.o(.text)
    DMA_DeInit                               0x080039b5   Thumb Code   218  stm32f10x_dma.o(.text)
    DMA_Init                                 0x08003a8f   Thumb Code    58  stm32f10x_dma.o(.text)
    DMA_StructInit                           0x08003ac9   Thumb Code    26  stm32f10x_dma.o(.text)
    DMA_Cmd                                  0x08003ae3   Thumb Code    22  stm32f10x_dma.o(.text)
    DMA_ITConfig                             0x08003af9   Thumb Code    16  stm32f10x_dma.o(.text)
    DMA_SetCurrDataCounter                   0x08003b09   Thumb Code     4  stm32f10x_dma.o(.text)
    DMA_GetCurrDataCounter                   0x08003b0d   Thumb Code     6  stm32f10x_dma.o(.text)
    DMA_GetFlagStatus                        0x08003b13   Thumb Code    28  stm32f10x_dma.o(.text)
    DMA_ClearFlag                            0x08003b2f   Thumb Code    20  stm32f10x_dma.o(.text)
    DMA_GetITStatus                          0x08003b43   Thumb Code    28  stm32f10x_dma.o(.text)
    DMA_ClearITPendingBit                    0x08003b5f   Thumb Code    20  stm32f10x_dma.o(.text)
    Reset_Handler                            0x08003b7d   Thumb Code     8  startup_stm32f10x_hd.o(.text)
    ADC1_2_IRQHandler                        0x08003b97   Thumb Code     0  startup_stm32f10x_hd.o(.text)
    ADC3_IRQHandler                          0x08003b97   Thumb Code     0  startup_stm32f10x_hd.o(.text)
    CAN1_RX1_IRQHandler                      0x08003b97   Thumb Code     0  startup_stm32f10x_hd.o(.text)
    CAN1_SCE_IRQHandler                      0x08003b97   Thumb Code     0  startup_stm32f10x_hd.o(.text)
    DMA1_Channel2_IRQHandler                 0x08003b97   Thumb Code     0  startup_stm32f10x_hd.o(.text)
    DMA1_Channel3_IRQHandler                 0x08003b97   Thumb Code     0  startup_stm32f10x_hd.o(.text)
    DMA1_Channel4_IRQHandler                 0x08003b97   Thumb Code     0  startup_stm32f10x_hd.o(.text)
    DMA1_Channel5_IRQHandler                 0x08003b97   Thumb Code     0  startup_stm32f10x_hd.o(.text)
    DMA1_Channel6_IRQHandler                 0x08003b97   Thumb Code     0  startup_stm32f10x_hd.o(.text)
    DMA1_Channel7_IRQHandler                 0x08003b97   Thumb Code     0  startup_stm32f10x_hd.o(.text)
    DMA2_Channel1_IRQHandler                 0x08003b97   Thumb Code     0  startup_stm32f10x_hd.o(.text)
    DMA2_Channel2_IRQHandler                 0x08003b97   Thumb Code     0  startup_stm32f10x_hd.o(.text)
    DMA2_Channel3_IRQHandler                 0x08003b97   Thumb Code     0  startup_stm32f10x_hd.o(.text)
    DMA2_Channel4_5_IRQHandler               0x08003b97   Thumb Code     0  startup_stm32f10x_hd.o(.text)
    EXTI0_IRQHandler                         0x08003b97   Thumb Code     0  startup_stm32f10x_hd.o(.text)
    EXTI15_10_IRQHandler                     0x08003b97   Thumb Code     0  startup_stm32f10x_hd.o(.text)
    EXTI1_IRQHandler                         0x08003b97   Thumb Code     0  startup_stm32f10x_hd.o(.text)
    EXTI2_IRQHandler                         0x08003b97   Thumb Code     0  startup_stm32f10x_hd.o(.text)
    EXTI3_IRQHandler                         0x08003b97   Thumb Code     0  startup_stm32f10x_hd.o(.text)
    EXTI4_IRQHandler                         0x08003b97   Thumb Code     0  startup_stm32f10x_hd.o(.text)
    EXTI9_5_IRQHandler                       0x08003b97   Thumb Code     0  startup_stm32f10x_hd.o(.text)
    FLASH_IRQHandler                         0x08003b97   Thumb Code     0  startup_stm32f10x_hd.o(.text)
    FSMC_IRQHandler                          0x08003b97   Thumb Code     0  startup_stm32f10x_hd.o(.text)
    I2C1_ER_IRQHandler                       0x08003b97   Thumb Code     0  startup_stm32f10x_hd.o(.text)
    I2C1_EV_IRQHandler                       0x08003b97   Thumb Code     0  startup_stm32f10x_hd.o(.text)
    I2C2_ER_IRQHandler                       0x08003b97   Thumb Code     0  startup_stm32f10x_hd.o(.text)
    I2C2_EV_IRQHandler                       0x08003b97   Thumb Code     0  startup_stm32f10x_hd.o(.text)
    PVD_IRQHandler                           0x08003b97   Thumb Code     0  startup_stm32f10x_hd.o(.text)
    RCC_IRQHandler                           0x08003b97   Thumb Code     0  startup_stm32f10x_hd.o(.text)
    RTCAlarm_IRQHandler                      0x08003b97   Thumb Code     0  startup_stm32f10x_hd.o(.text)
    RTC_IRQHandler                           0x08003b97   Thumb Code     0  startup_stm32f10x_hd.o(.text)
    SDIO_IRQHandler                          0x08003b97   Thumb Code     0  startup_stm32f10x_hd.o(.text)
    SPI1_IRQHandler                          0x08003b97   Thumb Code     0  startup_stm32f10x_hd.o(.text)
    SPI2_IRQHandler                          0x08003b97   Thumb Code     0  startup_stm32f10x_hd.o(.text)
    SPI3_IRQHandler                          0x08003b97   Thumb Code     0  startup_stm32f10x_hd.o(.text)
    TAMPER_IRQHandler                        0x08003b97   Thumb Code     0  startup_stm32f10x_hd.o(.text)
    TIM1_BRK_IRQHandler                      0x08003b97   Thumb Code     0  startup_stm32f10x_hd.o(.text)
    TIM1_CC_IRQHandler                       0x08003b97   Thumb Code     0  startup_stm32f10x_hd.o(.text)
    TIM1_TRG_COM_IRQHandler                  0x08003b97   Thumb Code     0  startup_stm32f10x_hd.o(.text)
    TIM1_UP_IRQHandler                       0x08003b97   Thumb Code     0  startup_stm32f10x_hd.o(.text)
    TIM2_IRQHandler                          0x08003b97   Thumb Code     0  startup_stm32f10x_hd.o(.text)
    TIM3_IRQHandler                          0x08003b97   Thumb Code     0  startup_stm32f10x_hd.o(.text)
    TIM4_IRQHandler                          0x08003b97   Thumb Code     0  startup_stm32f10x_hd.o(.text)
    TIM5_IRQHandler                          0x08003b97   Thumb Code     0  startup_stm32f10x_hd.o(.text)
    TIM6_IRQHandler                          0x08003b97   Thumb Code     0  startup_stm32f10x_hd.o(.text)
    TIM7_IRQHandler                          0x08003b97   Thumb Code     0  startup_stm32f10x_hd.o(.text)
    TIM8_BRK_IRQHandler                      0x08003b97   Thumb Code     0  startup_stm32f10x_hd.o(.text)
    TIM8_CC_IRQHandler                       0x08003b97   Thumb Code     0  startup_stm32f10x_hd.o(.text)
    TIM8_TRG_COM_IRQHandler                  0x08003b97   Thumb Code     0  startup_stm32f10x_hd.o(.text)
    TIM8_UP_IRQHandler                       0x08003b97   Thumb Code     0  startup_stm32f10x_hd.o(.text)
    UART4_IRQHandler                         0x08003b97   Thumb Code     0  startup_stm32f10x_hd.o(.text)
    UART5_IRQHandler                         0x08003b97   Thumb Code     0  startup_stm32f10x_hd.o(.text)
    USART2_IRQHandler                        0x08003b97   Thumb Code     0  startup_stm32f10x_hd.o(.text)
    USART3_IRQHandler                        0x08003b97   Thumb Code     0  startup_stm32f10x_hd.o(.text)
    USBWakeUp_IRQHandler                     0x08003b97   Thumb Code     0  startup_stm32f10x_hd.o(.text)
    USB_HP_CAN1_TX_IRQHandler                0x08003b97   Thumb Code     0  startup_stm32f10x_hd.o(.text)
    USB_LP_CAN1_RX0_IRQHandler               0x08003b97   Thumb Code     0  startup_stm32f10x_hd.o(.text)
    WWDG_IRQHandler                          0x08003b97   Thumb Code     0  startup_stm32f10x_hd.o(.text)
    __user_initial_stackheap                 0x08003b99   Thumb Code     0  startup_stm32f10x_hd.o(.text)
    InitBuflnArray                           0x08003bbd   Thumb Code    68  mydsp.o(.text)
    GetPowerMag                              0x08003c01   Thumb Code   144  mydsp.o(.text)
    GetMaxData                               0x08003c91   Thumb Code    34  mydsp.o(.text)
    GetMaxData_Index                         0x08003cb3   Thumb Code    40  mydsp.o(.text)
    DSP                                      0x08003cdb   Thumb Code    20  mydsp.o(.text)
    Get_Adc_Max_Min                          0x08003cef   Thumb Code    50  mydsp.o(.text)
    Get_Signal_Freq                          0x08003d21   Thumb Code    46  mydsp.o(.text)
    cr4_fft_256_stm32                        0x08003d65   Thumb Code     0  cr4_fft_256_stm32.o(.text)
    __use_no_semihosting                     0x08004343   Thumb Code     2  use_no_semi_2.o(.text)
    __2printf                                0x08004345   Thumb Code    20  noretval__2printf.o(.text)
    __2sprintf                               0x0800435d   Thumb Code    34  noretval__2sprintf.o(.text)
    _printf_pre_padding                      0x08004385   Thumb Code    44  _printf_pad.o(.text)
    _printf_post_padding                     0x080043b1   Thumb Code    34  _printf_pad.o(.text)
    _printf_int_dec                          0x080043d5   Thumb Code   104  _printf_dec.o(.text)
    _printf_int_hex                          0x0800444d   Thumb Code    84  _printf_hex_int.o(.text)
    _printf_longlong_hex                     0x0800444d   Thumb Code     0  _printf_hex_int.o(.text)
    __printf                                 0x080044a5   Thumb Code   270  __printf_wp.o(.text)
    strlen                                   0x080045b3   Thumb Code    62  strlen.o(.text)
    __use_two_region_memory                  0x080045f1   Thumb Code     2  heapauxi.o(.text)
    __rt_heap_escrow$2region                 0x080045f3   Thumb Code     2  heapauxi.o(.text)
    __rt_heap_expand$2region                 0x080045f5   Thumb Code     2  heapauxi.o(.text)
    __I$use$semihosting                      0x080045f7   Thumb Code     0  use_no_semi.o(.text)
    __use_no_semihosting_swi                 0x080045f7   Thumb Code     2  use_no_semi.o(.text)
    __read_errno                             0x080045f9   Thumb Code    10  _rserrno.o(.text)
    __set_errno                              0x08004603   Thumb Code    12  _rserrno.o(.text)
    _printf_int_common                       0x0800460f   Thumb Code   178  _printf_intcommon.o(.text)
    __lib_sel_fp_printf                      0x080046c1   Thumb Code     2  _printf_fp_dec.o(.text)
    _printf_fp_dec_real                      0x0800486f   Thumb Code   620  _printf_fp_dec.o(.text)
    _printf_char_common                      0x08004ae7   Thumb Code    32  _printf_char_common.o(.text)
    _sputc                                   0x08004b0d   Thumb Code    10  _sputc.o(.text)
    _printf_char_file                        0x08004b19   Thumb Code    32  _printf_char_file.o(.text)
    __rt_locale                              0x08004b3d   Thumb Code     8  rt_locale_intlibspace.o(.text)
    __aeabi_errno_addr                       0x08004b45   Thumb Code     8  rt_errno_addr_intlibspace.o(.text)
    __errno$intlibspace                      0x08004b45   Thumb Code     0  rt_errno_addr_intlibspace.o(.text)
    __rt_errno_addr$intlibspace              0x08004b45   Thumb Code     0  rt_errno_addr_intlibspace.o(.text)
    _ll_udiv10                               0x08004b4d   Thumb Code   138  lludiv10.o(.text)
    _printf_fp_infnan                        0x08004bd9   Thumb Code   112  _printf_fp_infnan.o(.text)
    _btod_etento                             0x08004c59   Thumb Code   216  bigflt0.o(.text)
    ferror                                   0x08004d35   Thumb Code     8  ferror.o(.text)
    __user_libspace                          0x08004d3d   Thumb Code     8  libspace.o(.text)
    __user_perproc_libspace                  0x08004d3d   Thumb Code     0  libspace.o(.text)
    __user_perthread_libspace                0x08004d3d   Thumb Code     0  libspace.o(.text)
    __user_setup_stackheap                   0x08004d45   Thumb Code    74  sys_stackheap_outer.o(.text)
    exit                                     0x08004d8f   Thumb Code    18  exit.o(.text)
    strcmp                                   0x08004da1   Thumb Code   128  strcmpv7m.o(.text)
    _btod_d2e                                0x08004e21   Thumb Code    62  btod.o(CL$$btod_d2e)
    _d2e_denorm_low                          0x08004e5f   Thumb Code    70  btod.o(CL$$btod_d2e_denorm_low)
    _d2e_norm_op1                            0x08004ea5   Thumb Code    96  btod.o(CL$$btod_d2e_norm_op1)
    __btod_div_common                        0x08004f05   Thumb Code   696  btod.o(CL$$btod_div_common)
    _e2e                                     0x0800523d   Thumb Code   198  btod.o(CL$$btod_e2e)
    _btod_ediv                               0x08005303   Thumb Code    40  btod.o(CL$$btod_ediv)
    _btod_emul                               0x0800532b   Thumb Code    40  btod.o(CL$$btod_emul)
    __btod_mult_common                       0x08005353   Thumb Code   580  btod.o(CL$$btod_mult_common)
    __ARM_fpclassify                         0x08005597   Thumb Code    40  fpclassify.o(i.__ARM_fpclassify)
    _is_digit                                0x080055bf   Thumb Code    14  __printf_wp.o(i._is_digit)
    sqrt                                     0x080055cd   Thumb Code    76  sqrt.o(i.sqrt)
    _get_lc_numeric                          0x08005619   Thumb Code    44  lc_numeric_c.o(locale$$code)
    __aeabi_d2f                              0x08005645   Thumb Code     0  d2f.o(x$fpl$d2f)
    _d2f                                     0x08005645   Thumb Code    98  d2f.o(x$fpl$d2f)
    __fpl_dcheck_NaN1                        0x080056a9   Thumb Code    10  dcheck1.o(x$fpl$dcheck1)
    __aeabi_dmul                             0x080056b9   Thumb Code     0  dmul.o(x$fpl$dmul)
    _dmul                                    0x080056b9   Thumb Code   332  dmul.o(x$fpl$dmul)
    __fpl_dnaninf                            0x0800580d   Thumb Code   156  dnaninf.o(x$fpl$dnaninf)
    __fpl_dretinf                            0x080058a9   Thumb Code    12  dretinf.o(x$fpl$dretinf)
    _dsqrt                                   0x080058b5   Thumb Code   456  dsqrt_noumaal.o(x$fpl$dsqrt)
    __aeabi_f2d                              0x08005a81   Thumb Code     0  f2d.o(x$fpl$f2d)
    _f2d                                     0x08005a81   Thumb Code    86  f2d.o(x$fpl$f2d)
    __aeabi_fadd                             0x08005ad9   Thumb Code     0  faddsub_clz.o(x$fpl$fadd)
    _fadd                                    0x08005ad9   Thumb Code   196  faddsub_clz.o(x$fpl$fadd)
    __fpl_fcheck_NaN1                        0x08005b9d   Thumb Code     6  fcheck1.o(x$fpl$fcheck1)
    __fpl_fcmp_Inf                           0x08005ba9   Thumb Code    24  fcmpi.o(x$fpl$fcmpinf)
    __aeabi_fdiv                             0x08005bc1   Thumb Code     0  fdiv.o(x$fpl$fdiv)
    _fdiv                                    0x08005bc1   Thumb Code   384  fdiv.o(x$fpl$fdiv)
    __aeabi_f2iz                             0x08005d45   Thumb Code     0  ffix.o(x$fpl$ffix)
    _ffix                                    0x08005d45   Thumb Code    54  ffix.o(x$fpl$ffix)
    __aeabi_f2uiz                            0x08005d7d   Thumb Code     0  ffixu.o(x$fpl$ffixu)
    _ffixu                                   0x08005d7d   Thumb Code    62  ffixu.o(x$fpl$ffixu)
    __aeabi_i2f                              0x08005dbd   Thumb Code     0  fflt_clz.o(x$fpl$fflt)
    _fflt                                    0x08005dbd   Thumb Code    48  fflt_clz.o(x$fpl$fflt)
    __aeabi_ui2f                             0x08005ded   Thumb Code     0  fflt_clz.o(x$fpl$ffltu)
    _ffltu                                   0x08005ded   Thumb Code    38  fflt_clz.o(x$fpl$ffltu)
    __aeabi_cfcmple                          0x08005e15   Thumb Code     0  fleqf.o(x$fpl$fleqf)
    _fcmple                                  0x08005e15   Thumb Code   104  fleqf.o(x$fpl$fleqf)
    __fpl_fcmple_InfNaN                      0x08005e67   Thumb Code     0  fleqf.o(x$fpl$fleqf)
    __aeabi_fmul                             0x08005e7d   Thumb Code     0  fmul.o(x$fpl$fmul)
    _fmul                                    0x08005e7d   Thumb Code   258  fmul.o(x$fpl$fmul)
    __fpl_fnaninf                            0x08005f7f   Thumb Code   140  fnaninf.o(x$fpl$fnaninf)
    __fpl_fretinf                            0x0800600b   Thumb Code    10  fretinf.o(x$fpl$fretinf)
    __aeabi_fsub                             0x08006015   Thumb Code     0  faddsub_clz.o(x$fpl$fsub)
    _fsub                                    0x08006015   Thumb Code   234  faddsub_clz.o(x$fpl$fsub)
    _printf_fp_dec                           0x080060ff   Thumb Code     4  printf1.o(x$fpl$printf1)
    __fpl_return_NaN                         0x08006103   Thumb Code   100  retnan.o(x$fpl$retnan)
    __ARM_scalbn                             0x08006167   Thumb Code    92  scalbn.o(x$fpl$scalbn)
    __ARM_scalbnf                            0x080061c3   Thumb Code    76  scalbnf.o(x$fpl$scalbnf)
    __fpl_cmpreturn                          0x0800620f   Thumb Code    48  trapv.o(x$fpl$trapveneer)
    __I$use$fp                               0x0800623e   Number         0  usenofp.o(x$fpl$usenofp)
    asc2_1206                                0x0800623e   Data        1140  lcd_x.o(.constdata)
    asc2_1608                                0x080066b2   Data        1520  lcd_x.o(.constdata)
    asc2_2412                                0x08006ca2   Data         576  lcd_x.o(.constdata)
    tfont16                                  0x08006ee2   Data          68  lcd_x.o(.constdata)
    tfont24                                  0x08006f26   Data         148  lcd_x.o(.constdata)
    tfont32                                  0x08006fba   Data         130  lcd_x.o(.constdata)
    Region$$Table$$Base                      0x08007108   Number         0  anon$$obj.o(Region$$Table)
    Region$$Table$$Limit                     0x08007128   Number         0  anon$$obj.o(Region$$Table)
    CHKEY                                    0x20000000   Data           1  main.o(.data)
    SystemCoreClock                          0x20000004   Data           4  system_stm32f10x.o(.data)
    AHBPrescTable                            0x20000008   Data          16  system_stm32f10x.o(.data)
    led_handle                               0x20000018   Data          24  led.o(.data)
    SPI_FLASH_TYPE                           0x20000032   Data           2  w25x16.o(.data)
    POINT_COLOR                              0x20000034   Data           2  lcd_x.o(.data)
    BACK_COLOR                               0x20000036   Data           2  lcd_x.o(.data)
    ADC_FREQ                                 0x20000038   Data           4  adc.o(.data)
    USART_RX_STA                             0x20000040   Data           2  usart.o(.data)
    __stdout                                 0x20000044   Data           4  usart.o(.data)
    Fs                                       0x2000005c   Data           4  mydsp.o(.data)
    F                                        0x20000060   Data           4  mydsp.o(.data)
    SPI_FLASH_BUF                            0x20000064   Data        4096  w25x16.o(.bss)
    SPI_InitStructure                        0x20001064   Data          18  spi1.o(.bss)
    lcddev                                   0x20001076   Data          14  lcd_x.o(.bss)
    ADC_SourceData                           0x20001084   Data        4096  adc.o(.bss)
    USART_RX_BUF                             0x20002084   Data         200  usart.o(.bss)
    FFT_256Pointln                           0x2000214c   Data        1024  mydsp.o(.bss)
    FFT_256PointOut                          0x2000254c   Data         512  mydsp.o(.bss)
    IBufMagArray                             0x2000274c   Data         512  mydsp.o(.bss)
    __libspace_start                         0x2000294c   Data          96  libspace.o(.bss)
    __temporary_stack_top$libspace           0x200029ac   Data           0  libspace.o(.bss)



==============================================================================

Memory Map of the image

  Image Entry point : 0x08000131

  Load Region LR_IROM1 (Base: 0x08000000, Size: 0x000071a8, Max: 0x00040000, ABSOLUTE)

    Execution Region ER_IROM1 (Base: 0x08000000, Size: 0x00007144, Max: 0x00040000, ABSOLUTE)

    Base Addr    Size         Type   Attr      Idx    E Section Name        Object

    0x08000000   0x00000130   Data   RO          601    RESET               startup_stm32f10x_hd.o
    0x08000130   0x00000008   Code   RO          704  * !!!main             c_w.l(__main.o)
    0x08000138   0x00000034   Code   RO          999    !!!scatter          c_w.l(__scatter.o)
    0x0800016c   0x0000001a   Code   RO         1001    !!handler_copy      c_w.l(__scatter_copy.o)
    0x08000186   0x00000002   PAD
    0x08000188   0x0000001c   Code   RO         1003    !!handler_zi        c_w.l(__scatter_zi.o)
    0x080001a4   0x00000000   Code   RO          699    .ARM.Collect$$_printf_percent$$00000000  c_w.l(_printf_percent.o)
    0x080001a4   0x00000006   Code   RO          698    .ARM.Collect$$_printf_percent$$00000003  c_w.l(_printf_f.o)
    0x080001aa   0x00000006   Code   RO          697    .ARM.Collect$$_printf_percent$$00000009  c_w.l(_printf_d.o)
    0x080001b0   0x00000006   Code   RO          696    .ARM.Collect$$_printf_percent$$0000000C  c_w.l(_printf_x.o)
    0x080001b6   0x00000004   Code   RO          769    .ARM.Collect$$_printf_percent$$00000017  c_w.l(_printf_percent_end.o)
    0x080001ba   0x00000002   Code   RO          874    .ARM.Collect$$libinit$$00000000  c_w.l(libinit.o)
    0x080001bc   0x00000000   Code   RO          876    .ARM.Collect$$libinit$$00000002  c_w.l(libinit2.o)
    0x080001bc   0x00000000   Code   RO          878    .ARM.Collect$$libinit$$00000004  c_w.l(libinit2.o)
    0x080001bc   0x00000000   Code   RO          881    .ARM.Collect$$libinit$$0000000A  c_w.l(libinit2.o)
    0x080001bc   0x00000000   Code   RO          883    .ARM.Collect$$libinit$$0000000C  c_w.l(libinit2.o)
    0x080001bc   0x00000000   Code   RO          885    .ARM.Collect$$libinit$$0000000E  c_w.l(libinit2.o)
    0x080001bc   0x00000006   Code   RO          886    .ARM.Collect$$libinit$$0000000F  c_w.l(libinit2.o)
    0x080001c2   0x00000000   Code   RO          888    .ARM.Collect$$libinit$$00000011  c_w.l(libinit2.o)
    0x080001c2   0x00000000   Code   RO          890    .ARM.Collect$$libinit$$00000013  c_w.l(libinit2.o)
    0x080001c2   0x00000000   Code   RO          892    .ARM.Collect$$libinit$$00000015  c_w.l(libinit2.o)
    0x080001c2   0x0000000a   Code   RO          893    .ARM.Collect$$libinit$$00000016  c_w.l(libinit2.o)
    0x080001cc   0x00000000   Code   RO          894    .ARM.Collect$$libinit$$00000017  c_w.l(libinit2.o)
    0x080001cc   0x00000000   Code   RO          896    .ARM.Collect$$libinit$$00000019  c_w.l(libinit2.o)
    0x080001cc   0x00000000   Code   RO          898    .ARM.Collect$$libinit$$0000001B  c_w.l(libinit2.o)
    0x080001cc   0x00000000   Code   RO          900    .ARM.Collect$$libinit$$0000001D  c_w.l(libinit2.o)
    0x080001cc   0x00000000   Code   RO          902    .ARM.Collect$$libinit$$0000001F  c_w.l(libinit2.o)
    0x080001cc   0x00000000   Code   RO          904    .ARM.Collect$$libinit$$00000021  c_w.l(libinit2.o)
    0x080001cc   0x00000000   Code   RO          906    .ARM.Collect$$libinit$$00000023  c_w.l(libinit2.o)
    0x080001cc   0x00000000   Code   RO          908    .ARM.Collect$$libinit$$00000025  c_w.l(libinit2.o)
    0x080001cc   0x00000000   Code   RO          912    .ARM.Collect$$libinit$$0000002C  c_w.l(libinit2.o)
    0x080001cc   0x00000000   Code   RO          914    .ARM.Collect$$libinit$$0000002E  c_w.l(libinit2.o)
    0x080001cc   0x00000000   Code   RO          916    .ARM.Collect$$libinit$$00000030  c_w.l(libinit2.o)
    0x080001cc   0x00000000   Code   RO          918    .ARM.Collect$$libinit$$00000032  c_w.l(libinit2.o)
    0x080001cc   0x00000002   Code   RO          919    .ARM.Collect$$libinit$$00000033  c_w.l(libinit2.o)
    0x080001ce   0x00000002   Code   RO          949    .ARM.Collect$$libshutdown$$00000000  c_w.l(libshutdown.o)
    0x080001d0   0x00000000   Code   RO          958    .ARM.Collect$$libshutdown$$00000002  c_w.l(libshutdown2.o)
    0x080001d0   0x00000000   Code   RO          960    .ARM.Collect$$libshutdown$$00000004  c_w.l(libshutdown2.o)
    0x080001d0   0x00000000   Code   RO          963    .ARM.Collect$$libshutdown$$00000007  c_w.l(libshutdown2.o)
    0x080001d0   0x00000000   Code   RO          966    .ARM.Collect$$libshutdown$$0000000A  c_w.l(libshutdown2.o)
    0x080001d0   0x00000000   Code   RO          968    .ARM.Collect$$libshutdown$$0000000C  c_w.l(libshutdown2.o)
    0x080001d0   0x00000000   Code   RO          971    .ARM.Collect$$libshutdown$$0000000F  c_w.l(libshutdown2.o)
    0x080001d0   0x00000002   Code   RO          972    .ARM.Collect$$libshutdown$$00000010  c_w.l(libshutdown2.o)
    0x080001d2   0x00000000   Code   RO          756    .ARM.Collect$$rtentry$$00000000  c_w.l(__rtentry.o)
    0x080001d2   0x00000000   Code   RO          790    .ARM.Collect$$rtentry$$00000002  c_w.l(__rtentry2.o)
    0x080001d2   0x00000006   Code   RO          802    .ARM.Collect$$rtentry$$00000004  c_w.l(__rtentry4.o)
    0x080001d8   0x00000000   Code   RO          792    .ARM.Collect$$rtentry$$00000009  c_w.l(__rtentry2.o)
    0x080001d8   0x00000004   Code   RO          793    .ARM.Collect$$rtentry$$0000000A  c_w.l(__rtentry2.o)
    0x080001dc   0x00000000   Code   RO          795    .ARM.Collect$$rtentry$$0000000C  c_w.l(__rtentry2.o)
    0x080001dc   0x00000008   Code   RO          796    .ARM.Collect$$rtentry$$0000000D  c_w.l(__rtentry2.o)
    0x080001e4   0x00000002   Code   RO          922    .ARM.Collect$$rtexit$$00000000  c_w.l(rtexit.o)
    0x080001e6   0x00000000   Code   RO          929    .ARM.Collect$$rtexit$$00000002  c_w.l(rtexit2.o)
    0x080001e6   0x00000004   Code   RO          930    .ARM.Collect$$rtexit$$00000003  c_w.l(rtexit2.o)
    0x080001ea   0x00000006   Code   RO          931    .ARM.Collect$$rtexit$$00000004  c_w.l(rtexit2.o)
    0x080001f0   0x000003d8   Code   RO            1    .text               main.o
    0x080005c8   0x00000012   Code   RO          157    .text               stm32f10x_it.o
    0x080005da   0x00000002   PAD
    0x080005dc   0x00000158   Code   RO          198    .text               system_stm32f10x.o
    0x08000734   0x000000e0   Code   RO          216    .text               led.o
    0x08000814   0x00000100   Code   RO          235    .text               key.o
    0x08000914   0x00000338   Code   RO          248    .text               w25x16.o
    0x08000c4c   0x000000e0   Code   RO          271    .text               spi1.o
    0x08000d2c   0x00000e10   Code   RO          286    .text               lcd_x.o
    0x08001b3c   0x000000cc   Code   RO          315    .text               servo.o
    0x08001c08   0x00000278   Code   RO          327    .text               adc.o
    0x08001e80   0x00000098   Code   RO          362    .text               delay.o
    0x08001f18   0x00000114   Code   RO          393    .text               usart.o
    0x0800202c   0x000000b0   Code   RO          441    .text               misc.o
    0x080020dc   0x00000330   Code   RO          453    .text               stm32f10x_adc.o
    0x0800240c   0x00000264   Code   RO          489    .text               stm32f10x_gpio.o
    0x08002670   0x000002b8   Code   RO          501    .text               stm32f10x_rcc.o
    0x08002928   0x00000274   Code   RO          528    .text               stm32f10x_spi.o
    0x08002b9c   0x00000af0   Code   RO          540    .text               stm32f10x_tim.o
    0x0800368c   0x00000328   Code   RO          553    .text               stm32f10x_usart.o
    0x080039b4   0x000001c8   Code   RO          577    .text               stm32f10x_dma.o
    0x08003b7c   0x00000040   Code   RO          602    .text               startup_stm32f10x_hd.o
    0x08003bbc   0x000001a8   Code   RO          606    .text               mydsp.o
    0x08003d64   0x000005de   Code   RO          634    .text               cr4_fft_256_stm32.o
    0x08004342   0x00000002   Code   RO          639    .text               c_w.l(use_no_semi_2.o)
    0x08004344   0x00000018   Code   RO          645    .text               c_w.l(noretval__2printf.o)
    0x0800435c   0x00000028   Code   RO          647    .text               c_w.l(noretval__2sprintf.o)
    0x08004384   0x0000004e   Code   RO          651    .text               c_w.l(_printf_pad.o)
    0x080043d2   0x00000002   PAD
    0x080043d4   0x00000078   Code   RO          653    .text               c_w.l(_printf_dec.o)
    0x0800444c   0x00000058   Code   RO          658    .text               c_w.l(_printf_hex_int.o)
    0x080044a4   0x0000010e   Code   RO          684    .text               c_w.l(__printf_wp.o)
    0x080045b2   0x0000003e   Code   RO          700    .text               c_w.l(strlen.o)
    0x080045f0   0x00000006   Code   RO          702    .text               c_w.l(heapauxi.o)
    0x080045f6   0x00000002   Code   RO          754    .text               c_w.l(use_no_semi.o)
    0x080045f8   0x00000016   Code   RO          757    .text               c_w.l(_rserrno.o)
    0x0800460e   0x000000b2   Code   RO          759    .text               c_w.l(_printf_intcommon.o)
    0x080046c0   0x0000041a   Code   RO          761    .text               c_w.l(_printf_fp_dec.o)
    0x08004ada   0x00000002   PAD
    0x08004adc   0x00000030   Code   RO          763    .text               c_w.l(_printf_char_common.o)
    0x08004b0c   0x0000000a   Code   RO          765    .text               c_w.l(_sputc.o)
    0x08004b16   0x00000002   PAD
    0x08004b18   0x00000024   Code   RO          767    .text               c_w.l(_printf_char_file.o)
    0x08004b3c   0x00000008   Code   RO          807    .text               c_w.l(rt_locale_intlibspace.o)
    0x08004b44   0x00000008   Code   RO          812    .text               c_w.l(rt_errno_addr_intlibspace.o)
    0x08004b4c   0x0000008a   Code   RO          814    .text               c_w.l(lludiv10.o)
    0x08004bd6   0x00000002   PAD
    0x08004bd8   0x00000080   Code   RO          816    .text               c_w.l(_printf_fp_infnan.o)
    0x08004c58   0x000000dc   Code   RO          820    .text               c_w.l(bigflt0.o)
    0x08004d34   0x00000008   Code   RO          845    .text               c_w.l(ferror.o)
    0x08004d3c   0x00000008   Code   RO          860    .text               c_w.l(libspace.o)
    0x08004d44   0x0000004a   Code   RO          863    .text               c_w.l(sys_stackheap_outer.o)
    0x08004d8e   0x00000012   Code   RO          865    .text               c_w.l(exit.o)
    0x08004da0   0x00000080   Code   RO          867    .text               c_w.l(strcmpv7m.o)
    0x08004e20   0x0000003e   Code   RO          823    CL$$btod_d2e        c_w.l(btod.o)
    0x08004e5e   0x00000046   Code   RO          825    CL$$btod_d2e_denorm_low  c_w.l(btod.o)
    0x08004ea4   0x00000060   Code   RO          824    CL$$btod_d2e_norm_op1  c_w.l(btod.o)
    0x08004f04   0x00000338   Code   RO          833    CL$$btod_div_common  c_w.l(btod.o)
    0x0800523c   0x000000c6   Code   RO          830    CL$$btod_e2e        c_w.l(btod.o)
    0x08005302   0x00000028   Code   RO          827    CL$$btod_ediv       c_w.l(btod.o)
    0x0800532a   0x00000028   Code   RO          826    CL$$btod_emul       c_w.l(btod.o)
    0x08005352   0x00000244   Code   RO          832    CL$$btod_mult_common  c_w.l(btod.o)
    0x08005596   0x00000028   Code   RO          858    i.__ARM_fpclassify  m_ws.l(fpclassify.o)
    0x080055be   0x0000000e   Code   RO          686    i._is_digit         c_w.l(__printf_wp.o)
    0x080055cc   0x0000004c   Code   RO          747    i.sqrt              m_ws.l(sqrt.o)
    0x08005618   0x0000002c   Code   RO          850    locale$$code        c_w.l(lc_numeric_c.o)
    0x08005644   0x00000062   Code   RO          706    x$fpl$d2f           fz_ws.l(d2f.o)
    0x080056a6   0x00000002   PAD
    0x080056a8   0x00000010   Code   RO          770    x$fpl$dcheck1       fz_ws.l(dcheck1.o)
    0x080056b8   0x00000154   Code   RO          708    x$fpl$dmul          fz_ws.l(dmul.o)
    0x0800580c   0x0000009c   Code   RO          774    x$fpl$dnaninf       fz_ws.l(dnaninf.o)
    0x080058a8   0x0000000c   Code   RO          776    x$fpl$dretinf       fz_ws.l(dretinf.o)
    0x080058b4   0x000001cc   Code   RO          778    x$fpl$dsqrt         fz_ws.l(dsqrt_noumaal.o)
    0x08005a80   0x00000056   Code   RO          710    x$fpl$f2d           fz_ws.l(f2d.o)
    0x08005ad6   0x00000002   PAD
    0x08005ad8   0x000000c4   Code   RO          712    x$fpl$fadd          fz_ws.l(faddsub_clz.o)
    0x08005b9c   0x0000000c   Code   RO          780    x$fpl$fcheck1       fz_ws.l(fcheck1.o)
    0x08005ba8   0x00000018   Code   RO          782    x$fpl$fcmpinf       fz_ws.l(fcmpi.o)
    0x08005bc0   0x00000184   Code   RO          719    x$fpl$fdiv          fz_ws.l(fdiv.o)
    0x08005d44   0x00000036   Code   RO          722    x$fpl$ffix          fz_ws.l(ffix.o)
    0x08005d7a   0x00000002   PAD
    0x08005d7c   0x0000003e   Code   RO          726    x$fpl$ffixu         fz_ws.l(ffixu.o)
    0x08005dba   0x00000002   PAD
    0x08005dbc   0x00000030   Code   RO          731    x$fpl$fflt          fz_ws.l(fflt_clz.o)
    0x08005dec   0x00000026   Code   RO          730    x$fpl$ffltu         fz_ws.l(fflt_clz.o)
    0x08005e12   0x00000002   PAD
    0x08005e14   0x00000068   Code   RO          736    x$fpl$fleqf         fz_ws.l(fleqf.o)
    0x08005e7c   0x00000102   Code   RO          738    x$fpl$fmul          fz_ws.l(fmul.o)
    0x08005f7e   0x0000008c   Code   RO          784    x$fpl$fnaninf       fz_ws.l(fnaninf.o)
    0x0800600a   0x0000000a   Code   RO          786    x$fpl$fretinf       fz_ws.l(fretinf.o)
    0x08006014   0x000000ea   Code   RO          714    x$fpl$fsub          fz_ws.l(faddsub_clz.o)
    0x080060fe   0x00000004   Code   RO          740    x$fpl$printf1       fz_ws.l(printf1.o)
    0x08006102   0x00000064   Code   RO          856    x$fpl$retnan        fz_ws.l(retnan.o)
    0x08006166   0x0000005c   Code   RO          742    x$fpl$scalbn        fz_ws.l(scalbn.o)
    0x080061c2   0x0000004c   Code   RO          744    x$fpl$scalbnf       fz_ws.l(scalbnf.o)
    0x0800620e   0x00000030   Code   RO          920    x$fpl$trapveneer    fz_ws.l(trapv.o)
    0x0800623e   0x00000000   Code   RO          788    x$fpl$usenofp       fz_ws.l(usenofp.o)
    0x0800623e   0x00000dfe   Data   RO          288    .constdata          lcd_x.o
    0x0800703c   0x00000028   Data   RO          659    .constdata          c_w.l(_printf_hex_int.o)
    0x08007064   0x00000094   Data   RO          821    .constdata          c_w.l(bigflt0.o)
    0x080070f8   0x0000000d   Data   RO          217    .conststring        led.o
    0x08007105   0x00000003   PAD
    0x08007108   0x00000020   Data   RO          997    Region$$Table       anon$$obj.o
    0x08007128   0x0000001c   Data   RO          849    locale$$data        c_w.l(lc_numeric_c.o)


    Execution Region RW_IRAM1 (Base: 0x20000000, Size: 0x00002fb0, Max: 0x0000c000, ABSOLUTE)

    Base Addr    Size         Type   Attr      Idx    E Section Name        Object

    0x20000000   0x00000001   Data   RW            2    .data               main.o
    0x20000001   0x00000003   PAD
    0x20000004   0x00000014   Data   RW          199    .data               system_stm32f10x.o
    0x20000018   0x00000018   Data   RW          218    .data               led.o
    0x20000030   0x00000001   Data   RW          236    .data               key.o
    0x20000031   0x00000001   PAD
    0x20000032   0x00000002   Data   RW          250    .data               w25x16.o
    0x20000034   0x00000004   Data   RW          289    .data               lcd_x.o
    0x20000038   0x00000004   Data   RW          329    .data               adc.o
    0x2000003c   0x00000004   Data   RW          363    .data               delay.o
    0x20000040   0x00000002   Data   RW          395    .data               usart.o
    0x20000042   0x00000002   PAD
    0x20000044   0x00000004   Data   RW          396    .data               usart.o
    0x20000048   0x00000014   Data   RW          502    .data               stm32f10x_rcc.o
    0x2000005c   0x00000008   Data   RW          608    .data               mydsp.o
    0x20000064   0x00001000   Zero   RW          249    .bss                w25x16.o
    0x20001064   0x00000012   Zero   RW          272    .bss                spi1.o
    0x20001076   0x0000000e   Zero   RW          287    .bss                lcd_x.o
    0x20001084   0x00001000   Zero   RW          328    .bss                adc.o
    0x20002084   0x000000c8   Zero   RW          394    .bss                usart.o
    0x2000214c   0x00000800   Zero   RW          607    .bss                mydsp.o
    0x2000294c   0x00000060   Zero   RW          861    .bss                c_w.l(libspace.o)
    0x200029ac   0x00000004   PAD
    0x200029b0   0x00000200   Zero   RW          600    HEAP                startup_stm32f10x_hd.o
    0x20002bb0   0x00000400   Zero   RW          599    STACK               startup_stm32f10x_hd.o


==============================================================================

Image component sizes


      Code (inc. data)   RO Data    RW Data    ZI Data      Debug   Object Name

       632         28          0          4       4096       3309   adc.o
      1502       1008          0          0          0        288   cr4_fft_256_stm32.o
       152         14          0          4          0       1071   delay.o
       256         18          0          1          0        872   key.o
      3600         50       3582          4         14      16946   lcd_x.o
       224          8         13         24          0       2002   led.o
       984         60          0          1          0     280649   main.o
       176         14          0          0          0       1889   misc.o
       424         22          0          8       2048       3054   mydsp.o
       204         12          0          0          0        981   servo.o
       224         12          0          0         18       1309   spi1.o
        64         26        304          0       1536        784   startup_stm32f10x_hd.o
       816         24          0          0          0      11337   stm32f10x_adc.o
       456         10          0          0          0       4642   stm32f10x_dma.o
       612         36          0          0          0       6017   stm32f10x_gpio.o
        18          0          0          0          0       1150   stm32f10x_it.o
       696         32          0         20          0       8984   stm32f10x_rcc.o
       628         14          0          0          0       7038   stm32f10x_spi.o
      2800         84          0          0          0      23954   stm32f10x_tim.o
       808         22          0          0          0       8876   stm32f10x_usart.o
         0          0          0          0          0         32   sys.o
       344         34          0         20          0       1759   system_stm32f10x.o
       276         16          0          6        200       3206   usart.o
       824         24          0          2       4096       4835   w25x16.o

    ----------------------------------------------------------------------
     16722       1568       3934        100      12008     394984   Object Totals
         0          0         32          0          0          0   (incl. Generated)
         2          0          3          6          0          0   (incl. Padding)

    ----------------------------------------------------------------------

      Code (inc. data)   RO Data    RW Data    ZI Data      Debug   Library Member Name

         8          0          0          0          0         68   __main.o
       284          0          0          0          0        156   __printf_wp.o
         0          0          0          0          0          0   __rtentry.o
        12          0          0          0          0          0   __rtentry2.o
         6          0          0          0          0          0   __rtentry4.o
        52          8          0          0          0          0   __scatter.o
        26          0          0          0          0          0   __scatter_copy.o
        28          0          0          0          0          0   __scatter_zi.o
        48          6          0          0          0         96   _printf_char_common.o
        36          4          0          0          0         80   _printf_char_file.o
         6          0          0          0          0          0   _printf_d.o
       120         16          0          0          0         92   _printf_dec.o
         6          0          0          0          0          0   _printf_f.o
      1050          0          0          0          0        216   _printf_fp_dec.o
       128         16          0          0          0         84   _printf_fp_infnan.o
        88          4         40          0          0         88   _printf_hex_int.o
       178          0          0          0          0         88   _printf_intcommon.o
        78          0          0          0          0        108   _printf_pad.o
         0          0          0          0          0          0   _printf_percent.o
         4          0          0          0          0          0   _printf_percent_end.o
         6          0          0          0          0          0   _printf_x.o
        22          0          0          0          0        100   _rserrno.o
        10          0          0          0          0         68   _sputc.o
       220          4        148          0          0         96   bigflt0.o
      1910        128          0          0          0        672   btod.o
        18          0          0          0          0         80   exit.o
         8          0          0          0          0         68   ferror.o
         6          0          0          0          0        152   heapauxi.o
        44         10         28          0          0         76   lc_numeric_c.o
         2          0          0          0          0          0   libinit.o
        18          0          0          0          0          0   libinit2.o
         2          0          0          0          0          0   libshutdown.o
         2          0          0          0          0          0   libshutdown2.o
         8          4          0          0         96         68   libspace.o
       138          0          0          0          0         80   lludiv10.o
        24          4          0          0          0         84   noretval__2printf.o
        40          6          0          0          0         84   noretval__2sprintf.o
         8          4          0          0          0         68   rt_errno_addr_intlibspace.o
         8          4          0          0          0         68   rt_locale_intlibspace.o
         2          0          0          0          0          0   rtexit.o
        10          0          0          0          0          0   rtexit2.o
       128          0          0          0          0         68   strcmpv7m.o
        62          0          0          0          0         76   strlen.o
        74          0          0          0          0         80   sys_stackheap_outer.o
         2          0          0          0          0         68   use_no_semi.o
         2          0          0          0          0         68   use_no_semi_2.o
        98          4          0          0          0         92   d2f.o
        16          4          0          0          0         68   dcheck1.o
       340         12          0          0          0        104   dmul.o
       156          4          0          0          0         92   dnaninf.o
        12          0          0          0          0         68   dretinf.o
       460         56          0          0          0        120   dsqrt_noumaal.o
        86          4          0          0          0         84   f2d.o
       430          8          0          0          0        168   faddsub_clz.o
        12          4          0          0          0         68   fcheck1.o
        24          0          0          0          0         68   fcmpi.o
       388         76          0          0          0         96   fdiv.o
        54          4          0          0          0         84   ffix.o
        62          4          0          0          0         84   ffixu.o
        86          0          0          0          0        136   fflt_clz.o
       104          4          0          0          0         84   fleqf.o
       258          4          0          0          0         84   fmul.o
       140          4          0          0          0         84   fnaninf.o
        10          0          0          0          0         68   fretinf.o
         4          0          0          0          0         68   printf1.o
       100          0          0          0          0         68   retnan.o
        92          0          0          0          0         68   scalbn.o
        76          0          0          0          0         68   scalbnf.o
        48          0          0          0          0         68   trapv.o
         0          0          0          0          0          0   usenofp.o
        40          0          0          0          0         68   fpclassify.o
        76          0          0          0          0         84   sqrt.o

    ----------------------------------------------------------------------
      8124        410        216          0        100       5344   Library Totals
        20          0          0          0          4          0   (incl. Padding)

    ----------------------------------------------------------------------

      Code (inc. data)   RO Data    RW Data    ZI Data      Debug   Library Name

      4932        218        216          0         96       3200   c_w.l
      3056        192          0          0          0       1992   fz_ws.l
       116          0          0          0          0        152   m_ws.l

    ----------------------------------------------------------------------
      8124        410        216          0        100       5344   Library Totals

    ----------------------------------------------------------------------

==============================================================================


      Code (inc. data)   RO Data    RW Data    ZI Data      Debug   

     24846       1978       4150        100      12108     394292   Grand Totals
     24846       1978       4150        100      12108     394292   ELF Image Totals
     24846       1978       4150        100          0          0   ROM Totals

==============================================================================

    Total RO  Size (Code + RO Data)                28996 (  28.32kB)
    Total RW  Size (RW Data + ZI Data)             12208 (  11.92kB)
    Total ROM Size (Code + RO Data + RW Data)      29096 (  28.41kB)

==============================================================================

